✔ fresh repository passes without creating private release output (67.535108ms)
✔ unprotected private output fails even before it exists (74.718359ms)
✔ force-tracked private output is rejected even with ignore rules (74.884031ms)
✔ obsolete private output spelling is rejected (65.884591ms)
✔ obsolete private output spelling in deployment Skill is rejected (68.705787ms)
✔ obsolete private output spelling in customization Skill is rejected (64.928669ms)
✔ missing report output owner is rejected (62.918534ms)
✔ retired AI source references cannot return to the module map (55.63942ms)
✔ both AI placeholder responsibilities must remain documented (53.517931ms)
✔ actual layered chain and third-party dromara service imports pass (38.497057ms)
✔ Javadoc, comments, string literals and text blocks cannot create imports or annotations (35.410785ms)
✔ controller/Invalid.java rejects org.namewta.example.mapper.ExampleMapper (34.298317ms)
✔ controller/Invalid.java rejects org.namewta.system.api.UserService (36.230432ms)
✔ controller/Invalid.java rejects org.namewta.common.json.utils.JsonUtils (31.446074ms)
✔ usecase/Invalid.java rejects org.namewta.common.mybatis.core.mapper.BaseMapperPlus (32.752925ms)
✔ usecase/Invalid.java rejects org.namewta.common.redis.utils.RedisUtils (33.201295ms)
✔ usecase/Invalid.java rejects org.namewta.workflow.api.WorkflowService (36.263918ms)
✔ usecase/Invalid.java rejects com.baomidou.mybatisplus.core.conditions.Wrapper (40.969256ms)
✔ service/InvalidService.java rejects org.namewta.example.mapper.ExampleMapper (53.118163ms)
✔ service/InvalidService.java rejects org.namewta.common.mybatis.core.service.BaseService (41.945129ms)
✔ dao/Invalid.java rejects org.namewta.system.api.UserService (35.263778ms)
✔ mapper/Invalid.java rejects org.namewta.example.service.ExampleService (40.264004ms)
✔ port/Invalid.java rejects org.namewta.common.redis.utils.RedisUtils (32.222959ms)
✔ adapter/Invalid.java rejects org.namewta.example.dao.ExampleDao (32.174494ms)
✔ adapter/api/Invalid.java rejects org.namewta.example.service.ExampleService (33.599853ms)
✔ support/Invalid.java rejects org.springframework.http.ResponseCookie (29.405156ms)
✔ domain/Invalid.java rejects org.namewta.common.mybatis.core.mapper.BaseMapperPlus (33.319866ms)
✔ indented static imports cannot bypass infrastructure boundary (30.153722ms)
✔ real @DSTransactional on Service fails (33.346655ms)
✔ real @com.baomidou.dynamic.datasource.annotation.DSTransactional on Service fails (27.991597ms)
✔ real @Transactional on Service fails (32.42866ms)
✔ real @org.springframework.transaction.annotation.Transactional on Service fails (32.044336ms)
✔ Spring transaction annotation on UseCase also fails (30.341311ms)
✔ missing actual entry-to-usecase dependency is not supplied by a comment (32.975731ms)
✔ Notify wake helper in Service and Spring Bean in support remain invalid (32.093365ms)
✔ single-change goal-plan accepts only its own Spec, Tickets Map, Tickets and Goal (61.893484ms)
✔ single-change goal-plan rejects a missing Goal rather than silently accepting null (2.925383ms)
✔ single-change planning still rejects missing Tickets Map and Ticket directory (2.331053ms)
✔ parent accepts two ready members without inventing a single-change Goal (5.071828ms)
✔ parent rejects missing implementation-map.md even without a goal-map entry (1.585292ms)
✔ parent rejects missing implementation-plan.md even without a goal-map entry (1.187008ms)
✔ parent goal-map entry cannot bypass both missing implementation artifacts (1.424561ms)
✔ parent member readiness is still enforced (3.089157ms)
✔ parent cycle detection remains active (4.908938ms)
✔ parent configured agent cap remains active (2.722351ms)
✔ partial parent remains invalid outside goal-plan stage (1.297732ms)
✔ current historical result survives tracked evidence, governance commits and the next Ticket edits (213.689412ms)
✔ two serial current Tickets retain distinct immutable implementation results (199.615773ms)
✔ current execution rejects main instead of an immutable full commit SHA (82.541314ms)
✔ current execution rejects short instead of an immutable full commit SHA (97.287606ms)
✔ current history rejects a result absent from the parent branch (112.783834ms)
✔ current history rejects a parent-before checkpoint after its result (134.990465ms)
✔ current history rejects a non-implementation result: same checkpoint (95.353035ms)
✔ current history rejects a non-implementation result: empty commit (105.066369ms)
✔ current history rejects a non-implementation result: Evidence only (108.028066ms)
✔ current history rejects a non-implementation result: outside writable paths (116.104377ms)
✔ current Tickets cannot claim the same cumulative result for separate serial implementations (185.919177ms)
✔ current result cannot replace its product commit with a later empty commit (124.185828ms)
✔ current result cannot replace its product commit with a later governance commit (122.747053ms)
✔ current documentation Tickets have a real implementation without application source changes (91.965966ms)
✔ current result still must equal its implementation source checkpoint (89.027849ms)
✔ Git status read failures cannot stand in for a clean completion (126.090968ms)
✔ completed change requires clean tracked and untracked files after the status commit (284.531033ms)
✔ required workspace records retain their existing dirty repository gate (119.115958ms)
✔ implement stage does not invent execution records for unstarted ready Tickets (1.884491ms)
✔ implement stage still requires an execution record for in_progress (1.2393ms)
✔ implement stage still requires an execution record for review (1.153895ms)
✔ implement stage still requires an execution record for blocked (1.042077ms)
✔ implement stage still requires an execution record for deviated (1.022018ms)
✔ implement stage still requires an execution record for done (1.09796ms)
✔ complete accepts an actual archived change in a legacy workspace (246.804831ms)
✔ complete accepts an actual archived change in a declared workspace (289.451363ms)
✔ an active-directory change cannot claim archived terminal state (171.075199ms)
✔ archive month must follow the dated change name even when archive_path matches its location (175.629964ms)
✔ archived complete rejects false archived flag (165.157949ms)
✔ archived complete rejects missing archive path (172.744954ms)
✔ archived complete rejects different archive month (145.172335ms)
✔ archived complete rejects different archive change (133.839729ms)
✔ archived complete still rejects an unfinished Ticket (135.996769ms)
✔ archived complete still requires integrated Ticket evidence (85.371798ms)
✔ archived complete still authenticates recorded Git commits (148.649093ms)
✔ archived complete retains the clean tracked and untracked repository gate (193.426297ms)
✔ archive movement cannot turn historical governance into Ticket implementation (125.209201ms)
ℹ tests 83
ℹ suites 0
ℹ pass 83
ℹ fail 0
ℹ cancelled 0
ℹ skipped 0
ℹ todo 0
ℹ duration_ms 6368.368904
