
 RUN  v4.1.10 /srv/WTA-plus/frontend/apps/admin-web

 ❯ src/router/adminManifestRegistry.test.ts (6 tests | 1 failed) 1016ms
     × owns lazy inbox route snapshots, same-page updates and cancellation before import resolves 1010ms

⎯⎯⎯⎯⎯⎯⎯ Failed Tests 1 ⎯⎯⎯⎯⎯⎯⎯

 FAIL  src/router/adminManifestRegistry.test.ts > admin selected manifest registry > owns lazy inbox route snapshots, same-page updates and cancellation before import resolves
AssertionError: expected [ { active: false, …(1) } ] to deeply equal [ { active: true, messageId: '41' } ]

- Expected
+ Received

  [
    {
-     "active": true,
-     "messageId": "41",
+     "active": false,
+     "messageId": undefined,
    },
  ]

 ❯ src/router/adminManifestRegistry.test.ts:92:46
     90|     const snapshots: Array<{ active: boolean; messageId: unknown }> = …
     91|     const stop = port!.subscribe(value => snapshots.push(value));
     92|     await vi.waitFor(() => expect(snapshots).toEqual([{ active: true, …
       |                                              ^
     93|     expect(cancelled).not.toHaveBeenCalled();
     94|     route.value = { path: '/notify/inbox', fullPath: '/notify/inbox?me…

⎯⎯⎯⎯⎯⎯⎯⎯⎯⎯⎯⎯⎯⎯⎯⎯⎯⎯⎯⎯⎯⎯⎯⎯[1/1]⎯


 Test Files  1 failed (1)
      Tests  1 failed | 5 passed (6)
   Start at  14:58:51
   Duration  3.31s (transform 1.54s, setup 0ms, import 2.18s, tests 1.02s, environment 0ms)

undefined
/srv/WTA-plus/frontend/apps/admin-web:
 ERR_PNPM_RECURSIVE_EXEC_FIRST_FAIL  Command failed with exit code 1: vitest run src/router/adminManifestRegistry.test.ts
