
> wta-vue-plus@6.0.0 test /srv/WTA-plus/frontend
> pnpm test:workspace


> wta-vue-plus@6.0.0 test:workspace /srv/WTA-plus/frontend
> pnpm architecture:check && pnpm -r --if-present test


> wta-vue-plus@6.0.0 architecture:check /srv/WTA-plus/frontend
> namewta-architecture check --root .

Architecture check passed: 33 workspace package(s), 0 reviewed baseline violation(s).
Scope: 32 of 33 workspace projects
apps/sso-web test$ vitest run src
packages/platform/contracts test$ vitest run src
packages/api-contracts test$ tsc --noEmit -p tsconfig.json
packages/platform/permission test$ vitest run src
packages/platform/contracts test:  RUN  v4.1.10 /srv/WTA-plus/frontend/packages/platform/contracts
apps/sso-web test:  RUN  v4.1.10 /srv/WTA-plus/frontend/apps/sso-web
packages/platform/permission test:  RUN  v4.1.10 /srv/WTA-plus/frontend/packages/platform/permission
packages/platform/contracts test:  Test Files  1 passed (1)
packages/platform/contracts test:       Tests  1 passed (1)
packages/platform/contracts test:    Start at  16:01:29
packages/platform/contracts test:    Duration  315ms (transform 41ms, setup 0ms, import 63ms, tests 9ms, environment 0ms)
packages/platform/contracts test: Done
packages/platform/validation test$ vitest run src
packages/platform/permission test:  Test Files  1 passed (1)
packages/platform/permission test:       Tests  13 passed (13)
packages/platform/permission test:    Start at  16:01:29
packages/platform/permission test:    Duration  270ms (transform 62ms, setup 0ms, import 88ms, tests 10ms, environment 1ms)
apps/sso-web test:  Test Files  1 passed (1)
apps/sso-web test:       Tests  5 passed (5)
apps/sso-web test:    Start at  16:01:29
apps/sso-web test:    Duration  308ms (transform 65ms, setup 0ms, import 89ms, tests 52ms, environment 1ms)
apps/sso-web test: Done
packages/web-kit/rich-text test$ vitest run src
packages/platform/permission test: Done
tooling/architecture test$ node --test ./test/*.test.mjs
packages/api-contracts test: Done
tooling/openapi test$ node --test test/*.test.mjs
packages/platform/validation test:  RUN  v4.1.10 /srv/WTA-plus/frontend/packages/platform/validation
packages/web-kit/rich-text test:  RUN  v4.1.10 /srv/WTA-plus/frontend/packages/web-kit/rich-text
tooling/architecture test: ✔ accepts a valid public dependency graph without reading environment files (103.264407ms)
tooling/architecture test: ✔ ignores Speculo worktree copies outside the active workspace (13.462507ms)
packages/platform/validation test:  Test Files  1 passed (1)
packages/platform/validation test:       Tests  3 passed (3)
packages/platform/validation test:    Start at  16:01:30
packages/platform/validation test:    Duration  392ms (transform 106ms, setup 0ms, import 136ms, tests 9ms, environment 1ms)
tooling/architecture test: ✔ rejects retired Admin navigation owners and fallback algorithms (272.145581ms)
packages/platform/validation test: Done
tooling/architecture test: ✔ rejects an internal deep import with a localized public-entry diagnostic (96.404975ms)
tooling/architecture test: ✔ rejects a self deep import that bypasses the package public entry (46.843917ms)
tooling/architecture test: ✔ rejects a platform to domain reverse edge (26.610541ms)
tooling/architecture test: ✔ rejects an undeclared public internal import (13.555695ms)
tooling/architecture test: ✔ rejects a concrete adapter to domain reverse edge (12.161702ms)
tooling/architecture test: ✔ rejects an internal dependency cycle (16.796033ms)
tooling/architecture test: ✔ rejects growth of the reviewed baseline (5.441891ms)
tooling/architecture test: ✔ rejects activation of an explicitly inactive placeholder (14.598235ms)
tooling/architecture test: ✔ rejects duplicated API facades inside activated Apps (8.599083ms)
tooling/architecture test: ✔ rejects an activated manifest outside the supported package layout (8.544431ms)
tooling/architecture test: ✔ does not hide a second deep import behind one reviewed baseline detail (22.310419ms)
tooling/architecture test: ✔ consumes reviewed baseline identities as a multiset (24.638676ms)
tooling/architecture test: ✔ rejects platform to api-contracts outside the explicit dependency allowlist (7.63136ms)
tooling/architecture test: ✔ rejects domain to tooling outside the explicit dependency allowlist (6.040375ms)
tooling/architecture test: ✔ rejects adapter to api-contracts outside the explicit dependency allowlist (9.701012ms)
tooling/architecture test: ✔ rejects adapter to tooling outside the explicit dependency allowlist (11.849535ms)
tooling/architecture test: ✔ rejects vue terminal imports from domain (8.659323ms)
tooling/architecture test: ✔ rejects axios terminal imports from platform (10.257142ms)
tooling/architecture test: ✔ rejects crypto-js terminal imports from platform (7.07798ms)
tooling/architecture test: ✔ rejects jsencrypt terminal imports from domain (11.463514ms)
tooling/architecture test: ✔ rejects terminal runtime dependencies from platform manifests (8.137876ms)
tooling/openapi test: ✔ invalid and missing sources preserve the last-known-good active revision (31.825855ms)
tooling/architecture test: ✔ rejects source assets under an inactive README-only placeholder (6.664921ms)
tooling/architecture test: ✔ ignores import examples inside comments and strings (8.523428ms)
tooling/openapi test: ✔ valid fetch persists an immutable revision before atomically activating its pointer (19.209569ms)
tooling/architecture test: ✔ parses Vue SFC scripts and rejects their deep imports (12.066567ms)
tooling/architecture test: ✔ rejects a relative import that crosses into another workspace (11.467614ms)
tooling/architecture test: ✔ accepts a relative import owned by the same workspace (7.005276ms)
tooling/architecture test: ✔ rejects pnpm workspace configuration drift (4.533513ms)
tooling/openapi test: ✔ identical snapshots with different provenance activate distinct immutable revisions (33.642575ms)
tooling/architecture test: ✔ rejects a shared framework version outside the catalog (6.802195ms)
tooling/architecture test: ✔ allows only the reviewed OpenAPI generator TypeScript peer outside the catalog (14.028568ms)
tooling/architecture test: ✔ rejects the OpenAPI TypeScript peer exception in another package or dependency field (11.75898ms)
tooling/architecture test: ✔ rejects a non-workspace internal reference (7.06983ms)
tooling/architecture test: ✔ rejects lockfile importer drift (5.855702ms)
tooling/architecture test: ✔ rejects lockfile dependency specifier drift (18.916825ms)
tooling/architecture test: ✔ rejects stale inactive placeholder importers (5.250902ms)
tooling/architecture test: ✔ rejects unshadowed window browser access from domain (15.564233ms)
tooling/openapi test: ✔ an unactivated revision cannot change the last-known-good contract (92.809321ms)
tooling/architecture test: ✔ rejects unshadowed document browser access from domain (14.884167ms)
tooling/architecture test: ✔ rejects unshadowed localStorage browser access from domain (7.659046ms)
tooling/architecture test: ✔ rejects unshadowed sessionStorage browser access from platform (5.932538ms)
tooling/architecture test: ✔ rejects unshadowed navigator browser access from platform (10.479884ms)
tooling/architecture test: ✔ rejects unshadowed location browser access from platform (17.322339ms)
tooling/architecture test: ✔ rejects reviewed browser global self (10.38978ms)
tooling/openapi test: ✔ generation rejects stale or invalid provenance in the active immutable revision (59.41805ms)
tooling/architecture test: ✔ rejects reviewed browser global history (7.119261ms)
tooling/architecture test: ✔ rejects reviewed browser global visualViewport (6.741462ms)
tooling/architecture test: ✔ rejects reviewed browser global indexedDB (10.112151ms)
tooling/architecture test: ✔ rejects reviewed browser global caches (12.41456ms)
tooling/architecture test: ✔ rejects reviewed browser global cookieStore (8.302586ms)
tooling/architecture test: ✔ rejects reviewed browser global IDBFactory (5.892702ms)
tooling/architecture test: ✔ rejects reviewed browser global CacheStorage (5.989525ms)
tooling/architecture test: ✔ rejects reviewed browser global DOMParser (6.996251ms)
tooling/openapi test: ✔ check detects source drift and manual generated-file edits without writing (67.469838ms)
tooling/openapi test: ✔ HTTP source errors redact credentials and query parameters for normalized schemes (0.947209ms)
tooling/architecture test: ✔ rejects reviewed browser global XMLSerializer (8.22739ms)
tooling/architecture test: ✔ rejects reviewed browser global Node (6.988139ms)
tooling/architecture test: ✔ rejects reviewed browser global HTMLElement (7.360924ms)
packages/web-kit/rich-text test:  Test Files  1 passed (1)
packages/web-kit/rich-text test:       Tests  4 passed (4)
packages/web-kit/rich-text test:    Start at  16:01:30
packages/web-kit/rich-text test:    Duration  1.12s (transform 58ms, setup 0ms, import 80ms, tests 23ms, environment 748ms)
tooling/openapi test: ℹ tests 7
tooling/openapi test: ℹ suites 0
tooling/openapi test: ℹ pass 7
tooling/openapi test: ℹ fail 0
tooling/openapi test: ℹ cancelled 0
tooling/openapi test: ℹ skipped 0
tooling/openapi test: ℹ todo 0
tooling/openapi test: ℹ duration_ms 1301.951733
tooling/architecture test: ✔ rejects reviewed browser global Element (8.50464ms)
tooling/openapi test: Done
tooling/architecture test: ✔ rejects reviewed browser global Document (8.616557ms)
tooling/architecture test: ✔ rejects reviewed browser global DocumentFragment (9.831062ms)
tooling/architecture test: ✔ rejects reviewed browser global customElements (6.677198ms)
tooling/architecture test: ✔ rejects reviewed browser global CustomElementRegistry (7.146075ms)
packages/web-kit/rich-text test: Done
tooling/architecture test: ✔ rejects reviewed browser global Storage (13.207483ms)
tooling/architecture test: ✔ rejects reviewed browser global MutationObserver (19.256798ms)
tooling/architecture test: ✔ rejects reviewed browser global ResizeObserver (24.265002ms)
tooling/architecture test: ✔ rejects reviewed browser global IntersectionObserver (10.223133ms)
tooling/architecture test: ✔ rejects reviewed browser global PerformanceObserver (13.622372ms)
tooling/architecture test: ✔ rejects reviewed browser global ReportingObserver (8.077294ms)
tooling/architecture test: ✔ rejects reviewed browser global XMLHttpRequest (11.924187ms)
tooling/architecture test: ✔ rejects reviewed browser global WebSocket (10.571017ms)
tooling/architecture test: ✔ rejects reviewed browser global EventSource (11.412128ms)
tooling/architecture test: ✔ rejects reviewed browser global BroadcastChannel (9.004924ms)
tooling/architecture test: ✔ rejects reviewed browser global fetch (7.411204ms)
tooling/architecture test: ✔ rejects reviewed browser global Worker (10.095543ms)
tooling/architecture test: ✔ rejects reviewed browser global SharedWorker (6.410279ms)
tooling/architecture test: ✔ rejects reviewed browser global ServiceWorker (5.130626ms)
tooling/architecture test: ✔ rejects reviewed browser global requestAnimationFrame (4.822557ms)
tooling/architecture test: ✔ rejects reviewed browser global cancelAnimationFrame (9.261628ms)
tooling/architecture test: ✔ rejects reviewed browser global matchMedia (5.1712ms)
tooling/architecture test: ✔ rejects reviewed browser global getComputedStyle (5.213313ms)
tooling/architecture test: ✔ rejects reviewed browser global screen (5.176911ms)
tooling/architecture test: ✔ rejects browser host aliases and destructuring through unshadowed globals (5.013736ms)
tooling/architecture test: ✔ accepts browser-global names shadowed by lexical declarations (7.07769ms)
tooling/architecture test: ✔ keeps named class-expression bindings local to the class (4.482529ms)
tooling/architecture test: ✔ accepts class-local and locally shadowed browser host names (4.370231ms)
tooling/architecture test: ✔ does not treat TypeScript value and type declaration names as browser references (7.267029ms)
tooling/architecture test: ✔ does not let a type-only declaration shadow a runtime browser global (7.14165ms)
tooling/architecture test: ✔ rejects an unshadowed DOM global used only as a type (6.003555ms)
tooling/architecture test: ✔ keeps module and class-static var declarations inside their runtime scopes (5.06455ms)
tooling/architecture test: ✔ keeps switch-case lexical declarations inside the case block (4.715719ms)
tooling/architecture test: ✔ accepts browser-named mapped and inferred type parameters (6.263656ms)
tooling/architecture test: ✔ does not leak an inferred type parameter into a conditional false branch (7.762587ms)
tooling/architecture test: ✔ does not let ambient declarations shadow runtime browser globals (5.861025ms)
tooling/architecture test: ✔ allows an ambient class declaration to satisfy a local type reference (4.668302ms)
tooling/architecture test: ✔ keeps ambient enum and namespace declarations type-only (5.097596ms)
tooling/architecture test: ✔ rejects browser access through unshadowed globalThis properties (6.978852ms)
tooling/architecture test: ✔ does not treat JSX attribute names as browser-global references (9.315603ms)
tooling/architecture test: ✔ applies browser-global purity to Vue script blocks (9.360529ms)
tooling/architecture test: ✔ rejects an activated workspace without every aggregate gate script (7.34113ms)
tooling/architecture test: ✔ keeps domain package names aligned one-to-one with backend modules (72.459937ms)
tooling/architecture test: ✔ keeps consumed Controller resources traceable through typed domain entries (43.221208ms)
tooling/architecture test: ✔ keeps the profile root as an explicit compatibility facade (1.098219ms)
tooling/architecture test: ✔ keeps web pages reachable through explicit page-owner entries (4.856327ms)
tooling/architecture test: ℹ tests 101
tooling/architecture test: ℹ suites 0
tooling/architecture test: ℹ pass 101
tooling/architecture test: ℹ fail 0
tooling/architecture test: ℹ cancelled 0
tooling/architecture test: ℹ skipped 0
tooling/architecture test: ℹ todo 0
tooling/architecture test: ℹ duration_ms 1980.541525
tooling/architecture test: Done
packages/adapters/oss-upload-browser test$ vitest run src
packages/adapters/storage-browser test$ vitest run src
packages/platform/app-runtime test$ vitest run src
packages/platform/auth test$ vitest run src
packages/adapters/oss-upload-browser test:  RUN  v4.1.10 /srv/WTA-plus/frontend/packages/adapters/oss-upload-browser
packages/platform/app-runtime test:  RUN  v4.1.10 /srv/WTA-plus/frontend/packages/platform/app-runtime
packages/adapters/storage-browser test:  RUN  v4.1.10 /srv/WTA-plus/frontend/packages/adapters/storage-browser
packages/platform/auth test:  RUN  v4.1.10 /srv/WTA-plus/frontend/packages/platform/auth
packages/adapters/storage-browser test:  Test Files  1 passed (1)
packages/adapters/storage-browser test:       Tests  5 passed (5)
packages/adapters/storage-browser test:    Start at  16:01:32
packages/adapters/storage-browser test:    Duration  308ms (transform 48ms, setup 0ms, import 76ms, tests 10ms, environment 0ms)
packages/adapters/oss-upload-browser test:  Test Files  2 passed (2)
packages/adapters/oss-upload-browser test:       Tests  8 passed (8)
packages/adapters/oss-upload-browser test:    Start at  16:01:32
packages/adapters/oss-upload-browser test:    Duration  365ms (transform 248ms, setup 0ms, import 320ms, tests 23ms, environment 1ms)
packages/adapters/storage-browser test: Done
packages/platform/http test$ vitest run src
packages/adapters/oss-upload-browser test: Done
packages/web-kit/file-upload test$ vitest run src
packages/platform/auth test:  Test Files  2 passed (2)
packages/platform/auth test:       Tests  18 passed (18)
packages/platform/auth test:    Start at  16:01:32
packages/platform/auth test:    Duration  503ms (transform 155ms, setup 0ms, import 226ms, tests 230ms, environment 1ms)
packages/platform/auth test: Done
packages/web-kit/permission test$ vitest run src
packages/platform/app-runtime test:  Test Files  4 passed (4)
packages/platform/app-runtime test:       Tests  23 passed (23)
packages/platform/app-runtime test:    Start at  16:01:32
packages/platform/app-runtime test:    Duration  694ms (transform 331ms, setup 0ms, import 755ms, tests 65ms, environment 2ms)
packages/platform/app-runtime test: Done
packages/platform/http test:  RUN  v4.1.10 /srv/WTA-plus/frontend/packages/platform/http
packages/web-kit/file-upload test:  RUN  v4.1.10 /srv/WTA-plus/frontend/packages/web-kit/file-upload
packages/web-kit/permission test:  RUN  v4.1.10 /srv/WTA-plus/frontend/packages/web-kit/permission
packages/platform/http test:  Test Files  1 passed (1)
packages/platform/http test:       Tests  7 passed (7)
packages/platform/http test:    Start at  16:01:33
packages/platform/http test:    Duration  175ms (transform 31ms, setup 0ms, import 46ms, tests 4ms, environment 0ms)
packages/platform/http test: Done
packages/web-kit/file-upload test:  Test Files  2 passed (2)
packages/web-kit/file-upload test:       Tests  7 passed (7)
packages/web-kit/file-upload test:    Start at  16:01:33
packages/web-kit/file-upload test:    Duration  223ms (transform 48ms, setup 0ms, import 79ms, tests 61ms, environment 1ms)
packages/web-kit/file-upload test: Done
packages/web-kit/permission test:  Test Files  1 passed (1)
packages/web-kit/permission test:       Tests  16 passed (16)
packages/web-kit/permission test:    Start at  16:01:33
packages/web-kit/permission test:    Duration  227ms (transform 41ms, setup 0ms, import 92ms, tests 14ms, environment 0ms)
packages/web-kit/permission test: Done
packages/adapters/axios-browser test$ vitest run src
packages/domains/admin test$ vitest run src
packages/domains/demo test$ vitest run src
packages/domains/notify test$ vitest run src
packages/adapters/axios-browser test:  RUN  v4.1.10 /srv/WTA-plus/frontend/packages/adapters/axios-browser
packages/domains/notify test:  RUN  v4.1.10 /srv/WTA-plus/frontend/packages/domains/notify
packages/domains/demo test:  RUN  v4.1.10 /srv/WTA-plus/frontend/packages/domains/demo
packages/domains/admin test:  RUN  v4.1.10 /srv/WTA-plus/frontend/packages/domains/admin
packages/domains/notify test:  Test Files  1 passed (1)
packages/domains/notify test:       Tests  3 passed (3)
packages/domains/notify test:    Start at  16:01:33
packages/domains/notify test:    Duration  283ms (transform 48ms, setup 0ms, import 64ms, tests 9ms, environment 0ms)
packages/domains/demo test:  Test Files  2 passed (2)
packages/domains/demo test:       Tests  4 passed (4)
packages/domains/demo test:    Start at  16:01:33
packages/domains/demo test:    Duration  279ms (transform 95ms, setup 0ms, import 137ms, tests 12ms, environment 1ms)
packages/domains/notify test: Done
packages/domains/profile test$ vitest run src
packages/domains/demo test: Done
packages/domains/system test$ vitest run src
packages/domains/admin test:  Test Files  3 passed (3)
packages/domains/admin test:       Tests  63 passed (63)
packages/domains/admin test:    Start at  16:01:34
packages/domains/admin test:    Duration  399ms (transform 193ms, setup 0ms, import 290ms, tests 47ms, environment 1ms)
packages/domains/admin test: Done
packages/domains/third test$ vitest run src --passWithNoTests
packages/adapters/axios-browser test:  Test Files  2 passed (2)
packages/adapters/axios-browser test:       Tests  46 passed (46)
packages/adapters/axios-browser test:    Start at  16:01:33
packages/adapters/axios-browser test:    Duration  549ms (transform 192ms, setup 0ms, import 508ms, tests 97ms, environment 1ms)
packages/adapters/axios-browser test: Done
packages/domains/profile test:  RUN  v4.1.10 /srv/WTA-plus/frontend/packages/domains/profile
packages/domains/system test:  RUN  v4.1.10 /srv/WTA-plus/frontend/packages/domains/system
packages/domains/third test:  RUN  v4.1.10 /srv/WTA-plus/frontend/packages/domains/third
packages/domains/third test:  Test Files  1 passed (1)
packages/domains/third test:       Tests  1 passed (1)
packages/domains/third test:    Start at  16:01:34
packages/domains/third test:    Duration  266ms (transform 39ms, setup 0ms, import 58ms, tests 4ms, environment 1ms)
packages/domains/profile test:  Test Files  4 passed (4)
packages/domains/profile test:       Tests  22 passed (22)
packages/domains/profile test:    Start at  16:01:34
packages/domains/profile test:    Duration  440ms (transform 307ms, setup 0ms, import 470ms, tests 43ms, environment 2ms)
packages/domains/third test: Done
packages/domains/profile test: Done
packages/domains/system test:  Test Files  10 passed (10)
packages/domains/system test:       Tests  95 passed (95)
packages/domains/system test:    Start at  16:01:34
packages/domains/system test:    Duration  585ms (transform 570ms, setup 0ms, import 896ms, tests 129ms, environment 5ms)
packages/domains/system test: Done
packages/domains/workflow test$ vitest run src
packages/web-domains/admin test$ vitest run src
packages/web-domains/demo test$ vitest run src
packages/web-domains/notify test$ vitest run src
packages/domains/workflow test:  RUN  v4.1.10 /srv/WTA-plus/frontend/packages/domains/workflow
packages/web-domains/demo test:  RUN  v4.1.10 /srv/WTA-plus/frontend/packages/web-domains/demo
packages/web-domains/notify test:  RUN  v4.1.10 /srv/WTA-plus/frontend/packages/web-domains/notify
packages/web-domains/admin test:  RUN  v4.1.10 /srv/WTA-plus/frontend/packages/web-domains/admin
packages/domains/workflow test:  Test Files  2 passed (2)
packages/domains/workflow test:       Tests  7 passed (7)
packages/domains/workflow test:    Start at  16:01:35
packages/domains/workflow test:    Duration  427ms (transform 113ms, setup 0ms, import 185ms, tests 66ms, environment 1ms)
packages/web-domains/demo test:  Test Files  1 passed (1)
packages/web-domains/demo test:       Tests  2 passed (2)
packages/web-domains/demo test:    Start at  16:01:35
packages/web-domains/demo test:    Duration  452ms (transform 90ms, setup 0ms, import 219ms, tests 11ms, environment 4ms)
packages/domains/workflow test: Done
packages/web-domains/profile test$ vitest run src
packages/web-domains/notify test:  Test Files  3 passed (3)
packages/web-domains/notify test:       Tests  9 passed (9)
packages/web-domains/notify test:    Start at  16:01:35
packages/web-domains/notify test:    Duration  453ms (transform 271ms, setup 0ms, import 496ms, tests 33ms, environment 4ms)
packages/web-domains/admin test:  Test Files  3 passed (3)
packages/web-domains/admin test:       Tests  6 passed (6)
packages/web-domains/admin test:    Start at  16:01:35
packages/web-domains/admin test:    Duration  443ms (transform 164ms, setup 0ms, import 397ms, tests 24ms, environment 3ms)
packages/web-domains/demo test: Done
packages/web-domains/system test$ vitest run src
packages/web-domains/notify test: Done
packages/web-domains/third test$ vitest run src --passWithNoTests
packages/web-domains/admin test: Done
packages/web-domains/profile test:  RUN  v4.1.10 /srv/WTA-plus/frontend/packages/web-domains/profile
packages/web-domains/system test:  RUN  v4.1.10 /srv/WTA-plus/frontend/packages/web-domains/system
packages/web-domains/third test:  RUN  v4.1.10 /srv/WTA-plus/frontend/packages/web-domains/third
packages/web-domains/profile test:  Test Files  8 passed (8)
packages/web-domains/profile test:       Tests  36 passed (36)
packages/web-domains/profile test:    Start at  16:01:36
packages/web-domains/profile test:    Duration  852ms (transform 1.25s, setup 0ms, import 2.13s, tests 93ms, environment 5ms)
packages/web-domains/profile test: Done
packages/web-domains/third test:  Test Files  1 passed (1)
packages/web-domains/third test:       Tests  1 passed (1)
packages/web-domains/third test:    Start at  16:01:36
packages/web-domains/third test:    Duration  1.08s (transform 580ms, setup 0ms, import 763ms, tests 5ms, environment 0ms)
packages/web-domains/third test: Done
packages/web-domains/system test:  Test Files  11 passed (11)
packages/web-domains/system test:       Tests  70 passed (70)
packages/web-domains/system test:    Start at  16:01:36
packages/web-domains/system test:    Duration  3.85s (transform 3.54s, setup 0ms, import 6.11s, tests 3.97s, environment 11ms)
packages/web-domains/system test: Done
apps/home-web test$ vitest run src
packages/web-domains/workflow test$ vitest run src
packages/web-domains/workflow test:  RUN  v4.1.10 /srv/WTA-plus/frontend/packages/web-domains/workflow
apps/home-web test:  RUN  v4.1.10 /srv/WTA-plus/frontend/apps/home-web
apps/home-web test:  Test Files  7 passed (7)
apps/home-web test:       Tests  15 passed (15)
apps/home-web test:    Start at  16:01:41
apps/home-web test:    Duration  481ms (transform 571ms, setup 0ms, import 1.02s, tests 38ms, environment 4ms)
apps/home-web test: Done
packages/web-domains/workflow test:  Test Files  6 passed (6)
packages/web-domains/workflow test:       Tests  59 passed (59)
packages/web-domains/workflow test:    Start at  16:01:40
packages/web-domains/workflow test:    Duration  1.01s (transform 2.22s, setup 0ms, import 3.70s, tests 122ms, environment 2ms)
packages/web-domains/workflow test: Done
apps/admin-web test$ vitest run src
apps/admin-web test:  RUN  v4.1.10 /srv/WTA-plus/frontend/apps/admin-web
apps/admin-web test:  Test Files  15 passed (15)
apps/admin-web test:       Tests  71 passed (71)
apps/admin-web test:    Start at  16:01:43
apps/admin-web test:    Duration  2.73s (transform 3.70s, setup 0ms, import 5.87s, tests 829ms, environment 11ms)
apps/admin-web test: Done
