
> wta-vue-plus@6.0.0 test /srv/WTA-plus/frontend
> pnpm test:workspace


> wta-vue-plus@6.0.0 test:workspace /srv/WTA-plus/frontend
> pnpm architecture:check && pnpm -r --if-present test


> wta-vue-plus@6.0.0 architecture:check /srv/WTA-plus/frontend
> namewta-architecture check --root .

Architecture check passed: 33 workspace package(s), 0 reviewed baseline violation(s).
Scope: 32 of 33 workspace projects
apps/sso-web test$ vitest run src
packages/api-contracts test$ tsc --noEmit -p tsconfig.json
packages/platform/contracts test$ vitest run src
packages/platform/permission test$ vitest run src
apps/sso-web test:  RUN  v4.1.10 /srv/WTA-plus/frontend/apps/sso-web
packages/platform/contracts test:  RUN  v4.1.10 /srv/WTA-plus/frontend/packages/platform/contracts
packages/platform/permission test:  RUN  v4.1.10 /srv/WTA-plus/frontend/packages/platform/permission
packages/platform/contracts test:  Test Files  1 passed (1)
packages/platform/contracts test:       Tests  1 passed (1)
packages/platform/contracts test:    Start at  16:11:48
packages/platform/contracts test:    Duration  279ms (transform 55ms, setup 0ms, import 79ms, tests 9ms, environment 1ms)
packages/platform/contracts test: Done
packages/platform/validation test$ vitest run src
apps/sso-web test:  Test Files  1 passed (1)
apps/sso-web test:       Tests  5 passed (5)
apps/sso-web test:    Start at  16:11:48
apps/sso-web test:    Duration  438ms (transform 68ms, setup 0ms, import 96ms, tests 47ms, environment 1ms)
apps/sso-web test: Done
packages/web-kit/rich-text test$ vitest run src
packages/platform/permission test:  Test Files  1 passed (1)
packages/platform/permission test:       Tests  13 passed (13)
packages/platform/permission test:    Start at  16:11:48
packages/platform/permission test:    Duration  325ms (transform 52ms, setup 0ms, import 87ms, tests 19ms, environment 0ms)
packages/platform/permission test: Done
tooling/architecture test$ node --test ./test/*.test.mjs
packages/api-contracts test: Done
tooling/openapi test$ node --test test/*.test.mjs
packages/platform/validation test:  RUN  v4.1.10 /srv/WTA-plus/frontend/packages/platform/validation
packages/web-kit/rich-text test:  RUN  v4.1.10 /srv/WTA-plus/frontend/packages/web-kit/rich-text
tooling/architecture test: ✔ accepts a valid public dependency graph without reading environment files (84.897823ms)
packages/platform/validation test:  Test Files  1 passed (1)
packages/platform/validation test:       Tests  3 passed (3)
packages/platform/validation test:    Start at  16:11:49
packages/platform/validation test:    Duration  269ms (transform 61ms, setup 0ms, import 75ms, tests 5ms, environment 0ms)
tooling/architecture test: ✔ ignores Speculo worktree copies outside the active workspace (39.732706ms)
packages/platform/validation test: Done
tooling/architecture test: ✔ rejects retired Admin navigation owners and fallback algorithms (134.951324ms)
tooling/architecture test: ✔ rejects an internal deep import with a localized public-entry diagnostic (115.907694ms)
tooling/architecture test: ✔ rejects a self deep import that bypasses the package public entry (38.209475ms)
tooling/architecture test: ✔ rejects a platform to domain reverse edge (39.608979ms)
tooling/openapi test: ✔ invalid and missing sources preserve the last-known-good active revision (46.26315ms)
tooling/architecture test: ✔ rejects an undeclared public internal import (22.721576ms)
tooling/openapi test: ✔ valid fetch persists an immutable revision before atomically activating its pointer (15.241484ms)
packages/web-kit/rich-text test:  Test Files  1 passed (1)
packages/web-kit/rich-text test:       Tests  4 passed (4)
packages/web-kit/rich-text test:    Start at  16:11:49
packages/web-kit/rich-text test:    Duration  619ms (transform 53ms, setup 0ms, import 76ms, tests 19ms, environment 356ms)
tooling/architecture test: ✔ rejects a concrete adapter to domain reverse edge (28.766978ms)
tooling/openapi test: ✔ identical snapshots with different provenance activate distinct immutable revisions (31.944868ms)
packages/web-kit/rich-text test: Done
tooling/architecture test: ✔ rejects an internal dependency cycle (52.189024ms)
tooling/architecture test: ✔ rejects growth of the reviewed baseline (15.784215ms)
tooling/openapi test: ✔ an unactivated revision cannot change the last-known-good contract (53.922948ms)
tooling/architecture test: ✔ rejects activation of an explicitly inactive placeholder (24.061498ms)
tooling/openapi test: ✔ generation rejects stale or invalid provenance in the active immutable revision (30.33944ms)
tooling/architecture test: ✔ rejects duplicated API facades inside activated Apps (15.875669ms)
tooling/architecture test: ✔ rejects an activated manifest outside the supported package layout (18.049725ms)
tooling/openapi test: ✔ check detects source drift and manual generated-file edits without writing (34.562425ms)
tooling/openapi test: ✔ HTTP source errors redact credentials and query parameters for normalized schemes (0.772322ms)
tooling/architecture test: ✔ does not hide a second deep import behind one reviewed baseline detail (21.102103ms)
tooling/openapi test: ℹ tests 7
tooling/openapi test: ℹ suites 0
tooling/openapi test: ℹ pass 7
tooling/openapi test: ℹ fail 0
tooling/openapi test: ℹ cancelled 0
tooling/openapi test: ℹ skipped 0
tooling/openapi test: ℹ todo 0
tooling/openapi test: ℹ duration_ms 867.653298
tooling/openapi test: Done
tooling/architecture test: ✔ consumes reviewed baseline identities as a multiset (22.650732ms)
tooling/architecture test: ✔ rejects platform to api-contracts outside the explicit dependency allowlist (21.963831ms)
tooling/architecture test: ✔ rejects domain to tooling outside the explicit dependency allowlist (29.598423ms)
tooling/architecture test: ✔ rejects adapter to api-contracts outside the explicit dependency allowlist (10.465025ms)
tooling/architecture test: ✔ rejects adapter to tooling outside the explicit dependency allowlist (8.89038ms)
tooling/architecture test: ✔ rejects vue terminal imports from domain (9.4655ms)
tooling/architecture test: ✔ rejects axios terminal imports from platform (12.409664ms)
tooling/architecture test: ✔ rejects crypto-js terminal imports from platform (6.854923ms)
tooling/architecture test: ✔ rejects jsencrypt terminal imports from domain (9.66682ms)
tooling/architecture test: ✔ rejects terminal runtime dependencies from platform manifests (8.502573ms)
tooling/architecture test: ✔ rejects source assets under an inactive README-only placeholder (6.378735ms)
tooling/architecture test: ✔ ignores import examples inside comments and strings (10.888916ms)
tooling/architecture test: ✔ parses Vue SFC scripts and rejects their deep imports (22.233694ms)
tooling/architecture test: ✔ rejects a relative import that crosses into another workspace (11.395866ms)
tooling/architecture test: ✔ accepts a relative import owned by the same workspace (11.596797ms)
tooling/architecture test: ✔ rejects pnpm workspace configuration drift (6.168569ms)
tooling/architecture test: ✔ rejects a shared framework version outside the catalog (8.890246ms)
tooling/architecture test: ✔ allows only the reviewed OpenAPI generator TypeScript peer outside the catalog (9.57613ms)
tooling/architecture test: ✔ rejects the OpenAPI TypeScript peer exception in another package or dependency field (14.174225ms)
tooling/architecture test: ✔ rejects a non-workspace internal reference (9.905586ms)
tooling/architecture test: ✔ rejects lockfile importer drift (7.700922ms)
tooling/architecture test: ✔ rejects lockfile dependency specifier drift (17.539592ms)
tooling/architecture test: ✔ rejects stale inactive placeholder importers (5.98293ms)
tooling/architecture test: ✔ rejects unshadowed window browser access from domain (9.071341ms)
tooling/architecture test: ✔ rejects unshadowed document browser access from domain (12.441566ms)
tooling/architecture test: ✔ rejects unshadowed localStorage browser access from domain (6.398895ms)
tooling/architecture test: ✔ rejects unshadowed sessionStorage browser access from platform (6.611482ms)
tooling/architecture test: ✔ rejects unshadowed navigator browser access from platform (7.970386ms)
tooling/architecture test: ✔ rejects unshadowed location browser access from platform (13.412509ms)
tooling/architecture test: ✔ rejects reviewed browser global self (6.095761ms)
tooling/architecture test: ✔ rejects reviewed browser global history (6.014511ms)
tooling/architecture test: ✔ rejects reviewed browser global visualViewport (6.672324ms)
tooling/architecture test: ✔ rejects reviewed browser global indexedDB (6.656886ms)
tooling/architecture test: ✔ rejects reviewed browser global caches (12.415049ms)
tooling/architecture test: ✔ rejects reviewed browser global cookieStore (10.823528ms)
tooling/architecture test: ✔ rejects reviewed browser global IDBFactory (8.039965ms)
tooling/architecture test: ✔ rejects reviewed browser global CacheStorage (8.799359ms)
tooling/architecture test: ✔ rejects reviewed browser global DOMParser (14.977337ms)
tooling/architecture test: ✔ rejects reviewed browser global XMLSerializer (9.615738ms)
tooling/architecture test: ✔ rejects reviewed browser global Node (9.277907ms)
tooling/architecture test: ✔ rejects reviewed browser global HTMLElement (10.668334ms)
tooling/architecture test: ✔ rejects reviewed browser global Element (8.881347ms)
tooling/architecture test: ✔ rejects reviewed browser global Document (9.679491ms)
tooling/architecture test: ✔ rejects reviewed browser global DocumentFragment (8.791302ms)
tooling/architecture test: ✔ rejects reviewed browser global customElements (10.577194ms)
tooling/architecture test: ✔ rejects reviewed browser global CustomElementRegistry (9.3538ms)
tooling/architecture test: ✔ rejects reviewed browser global Storage (7.240677ms)
tooling/architecture test: ✔ rejects reviewed browser global MutationObserver (8.959171ms)
tooling/architecture test: ✔ rejects reviewed browser global ResizeObserver (7.108087ms)
tooling/architecture test: ✔ rejects reviewed browser global IntersectionObserver (7.897442ms)
tooling/architecture test: ✔ rejects reviewed browser global PerformanceObserver (8.017117ms)
tooling/architecture test: ✔ rejects reviewed browser global ReportingObserver (10.165312ms)
tooling/architecture test: ✔ rejects reviewed browser global XMLHttpRequest (7.756482ms)
tooling/architecture test: ✔ rejects reviewed browser global WebSocket (8.300146ms)
tooling/architecture test: ✔ rejects reviewed browser global EventSource (12.405336ms)
tooling/architecture test: ✔ rejects reviewed browser global BroadcastChannel (8.782979ms)
tooling/architecture test: ✔ rejects reviewed browser global fetch (7.659435ms)
tooling/architecture test: ✔ rejects reviewed browser global Worker (8.395231ms)
tooling/architecture test: ✔ rejects reviewed browser global SharedWorker (6.024819ms)
tooling/architecture test: ✔ rejects reviewed browser global ServiceWorker (12.804795ms)
tooling/architecture test: ✔ rejects reviewed browser global requestAnimationFrame (10.239757ms)
tooling/architecture test: ✔ rejects reviewed browser global cancelAnimationFrame (9.189469ms)
tooling/architecture test: ✔ rejects reviewed browser global matchMedia (10.069213ms)
tooling/architecture test: ✔ rejects reviewed browser global getComputedStyle (7.490376ms)
tooling/architecture test: ✔ rejects reviewed browser global screen (7.817048ms)
tooling/architecture test: ✔ rejects browser host aliases and destructuring through unshadowed globals (7.949255ms)
tooling/architecture test: ✔ accepts browser-global names shadowed by lexical declarations (7.589499ms)
tooling/architecture test: ✔ keeps named class-expression bindings local to the class (7.299067ms)
tooling/architecture test: ✔ accepts class-local and locally shadowed browser host names (6.519267ms)
tooling/architecture test: ✔ does not treat TypeScript value and type declaration names as browser references (11.835286ms)
tooling/architecture test: ✔ does not let a type-only declaration shadow a runtime browser global (7.181774ms)
tooling/architecture test: ✔ rejects an unshadowed DOM global used only as a type (6.145083ms)
tooling/architecture test: ✔ keeps module and class-static var declarations inside their runtime scopes (7.214803ms)
tooling/architecture test: ✔ keeps switch-case lexical declarations inside the case block (6.298711ms)
tooling/architecture test: ✔ accepts browser-named mapped and inferred type parameters (8.846068ms)
tooling/architecture test: ✔ does not leak an inferred type parameter into a conditional false branch (4.975934ms)
tooling/architecture test: ✔ does not let ambient declarations shadow runtime browser globals (5.524879ms)
tooling/architecture test: ✔ allows an ambient class declaration to satisfy a local type reference (4.977163ms)
tooling/architecture test: ✔ keeps ambient enum and namespace declarations type-only (10.922066ms)
tooling/architecture test: ✔ rejects browser access through unshadowed globalThis properties (8.175103ms)
tooling/architecture test: ✔ does not treat JSX attribute names as browser-global references (8.917979ms)
tooling/architecture test: ✔ applies browser-global purity to Vue script blocks (10.093027ms)
tooling/architecture test: ✔ rejects an activated workspace without every aggregate gate script (8.293727ms)
tooling/architecture test: ✔ keeps domain package names aligned one-to-one with backend modules (67.512763ms)
tooling/architecture test: ✔ keeps consumed Controller resources traceable through typed domain entries (78.604891ms)
tooling/architecture test: ✔ keeps the profile root as an explicit compatibility facade (2.899358ms)
tooling/architecture test: ✔ keeps web pages reachable through explicit page-owner entries (14.88047ms)
tooling/architecture test: ℹ tests 101
tooling/architecture test: ℹ suites 0
tooling/architecture test: ℹ pass 101
tooling/architecture test: ℹ fail 0
tooling/architecture test: ℹ cancelled 0
tooling/architecture test: ℹ skipped 0
tooling/architecture test: ℹ todo 0
tooling/architecture test: ℹ duration_ms 2000.34595
tooling/architecture test: Done
packages/adapters/oss-upload-browser test$ vitest run src
packages/adapters/storage-browser test$ vitest run src
packages/platform/auth test$ vitest run src
packages/platform/app-runtime test$ vitest run src
packages/platform/auth test:  RUN  v4.1.10 /srv/WTA-plus/frontend/packages/platform/auth
packages/platform/app-runtime test:  RUN  v4.1.10 /srv/WTA-plus/frontend/packages/platform/app-runtime
packages/adapters/oss-upload-browser test:  RUN  v4.1.10 /srv/WTA-plus/frontend/packages/adapters/oss-upload-browser
packages/adapters/storage-browser test:  RUN  v4.1.10 /srv/WTA-plus/frontend/packages/adapters/storage-browser
packages/adapters/storage-browser test:  Test Files  1 passed (1)
packages/adapters/storage-browser test:       Tests  5 passed (5)
packages/adapters/storage-browser test:    Start at  16:11:51
packages/adapters/storage-browser test:    Duration  311ms (transform 68ms, setup 0ms, import 84ms, tests 11ms, environment 0ms)
packages/adapters/storage-browser test: Done
packages/platform/http test$ vitest run src
packages/adapters/oss-upload-browser test:  Test Files  2 passed (2)
packages/adapters/oss-upload-browser test:       Tests  8 passed (8)
packages/adapters/oss-upload-browser test:    Start at  16:11:51
packages/adapters/oss-upload-browser test:    Duration  399ms (transform 134ms, setup 0ms, import 191ms, tests 35ms, environment 1ms)
packages/adapters/oss-upload-browser test: Done
packages/web-kit/file-upload test$ vitest run src
packages/platform/auth test:  Test Files  2 passed (2)
packages/platform/auth test:       Tests  18 passed (18)
packages/platform/auth test:    Start at  16:11:51
packages/platform/auth test:    Duration  544ms (transform 94ms, setup 0ms, import 183ms, tests 236ms, environment 3ms)
packages/platform/auth test: Done
packages/web-kit/permission test$ vitest run src
packages/platform/http test:  RUN  v4.1.10 /srv/WTA-plus/frontend/packages/platform/http
packages/platform/app-runtime test:  Test Files  4 passed (4)
packages/platform/app-runtime test:       Tests  23 passed (23)
packages/platform/app-runtime test:    Start at  16:11:51
packages/platform/app-runtime test:    Duration  850ms (transform 376ms, setup 0ms, import 920ms, tests 85ms, environment 6ms)
packages/web-kit/file-upload test:  RUN  v4.1.10 /srv/WTA-plus/frontend/packages/web-kit/file-upload
packages/platform/app-runtime test: Done
packages/web-kit/permission test:  RUN  v4.1.10 /srv/WTA-plus/frontend/packages/web-kit/permission
packages/platform/http test:  Test Files  1 passed (1)
packages/platform/http test:       Tests  7 passed (7)
packages/platform/http test:    Start at  16:11:51
packages/platform/http test:    Duration  240ms (transform 64ms, setup 0ms, import 84ms, tests 8ms, environment 0ms)
packages/platform/http test: Done
packages/web-kit/file-upload test:  Test Files  2 passed (2)
packages/web-kit/file-upload test:       Tests  7 passed (7)
packages/web-kit/file-upload test:    Start at  16:11:52
packages/web-kit/file-upload test:    Duration  281ms (transform 90ms, setup 0ms, import 119ms, tests 66ms, environment 1ms)
packages/web-kit/file-upload test: Done
packages/web-kit/permission test:  Test Files  1 passed (1)
packages/web-kit/permission test:       Tests  16 passed (16)
packages/web-kit/permission test:    Start at  16:11:52
packages/web-kit/permission test:    Duration  280ms (transform 47ms, setup 0ms, import 106ms, tests 12ms, environment 1ms)
packages/web-kit/permission test: Done
packages/adapters/axios-browser test$ vitest run src
packages/domains/admin test$ vitest run src
packages/domains/demo test$ vitest run src
packages/domains/notify test$ vitest run src
packages/adapters/axios-browser test:  RUN  v4.1.10 /srv/WTA-plus/frontend/packages/adapters/axios-browser
packages/domains/notify test:  RUN  v4.1.10 /srv/WTA-plus/frontend/packages/domains/notify
packages/domains/admin test:  RUN  v4.1.10 /srv/WTA-plus/frontend/packages/domains/admin
packages/domains/demo test:  RUN  v4.1.10 /srv/WTA-plus/frontend/packages/domains/demo
packages/domains/demo test:  Test Files  2 passed (2)
packages/domains/demo test:       Tests  4 passed (4)
packages/domains/demo test:    Start at  16:11:52
packages/domains/demo test:    Duration  301ms (transform 113ms, setup 0ms, import 171ms, tests 10ms, environment 1ms)
packages/domains/notify test:  Test Files  1 passed (1)
packages/domains/notify test:       Tests  3 passed (3)
packages/domains/notify test:    Start at  16:11:52
packages/domains/notify test:    Duration  329ms (transform 72ms, setup 0ms, import 96ms, tests 15ms, environment 0ms)
packages/domains/demo test: Done
packages/domains/profile test$ vitest run src
packages/domains/notify test: Done
packages/domains/system test$ vitest run src
packages/adapters/axios-browser test:  Test Files  2 passed (2)
packages/adapters/axios-browser test:       Tests  46 passed (46)
packages/adapters/axios-browser test:    Start at  16:11:52
packages/adapters/axios-browser test:    Duration  436ms (transform 129ms, setup 0ms, import 326ms, tests 105ms, environment 2ms)
packages/adapters/axios-browser test: Done
packages/domains/third test$ vitest run src --passWithNoTests
packages/domains/admin test:  Test Files  3 passed (3)
packages/domains/admin test:       Tests  63 passed (63)
packages/domains/admin test:    Start at  16:11:52
packages/domains/admin test:    Duration  441ms (transform 367ms, setup 0ms, import 491ms, tests 74ms, environment 11ms)
packages/domains/admin test: Done
packages/domains/system test:  RUN  v4.1.10 /srv/WTA-plus/frontend/packages/domains/system
packages/domains/profile test:  RUN  v4.1.10 /srv/WTA-plus/frontend/packages/domains/profile
packages/domains/third test:  RUN  v4.1.10 /srv/WTA-plus/frontend/packages/domains/third
packages/domains/third test:  Test Files  1 passed (1)
packages/domains/third test:       Tests  1 passed (1)
packages/domains/third test:    Start at  16:11:53
packages/domains/third test:    Duration  357ms (transform 58ms, setup 0ms, import 76ms, tests 3ms, environment 0ms)
packages/domains/profile test:  Test Files  4 passed (4)
packages/domains/profile test:       Tests  22 passed (22)
packages/domains/profile test:    Start at  16:11:53
packages/domains/profile test:    Duration  407ms (transform 205ms, setup 0ms, import 288ms, tests 37ms, environment 3ms)
packages/domains/profile test: Done
packages/domains/third test: Done
packages/domains/system test:  Test Files  10 passed (10)
packages/domains/system test:       Tests  95 passed (95)
packages/domains/system test:    Start at  16:11:53
packages/domains/system test:    Duration  567ms (transform 618ms, setup 0ms, import 1.02s, tests 141ms, environment 5ms)
packages/domains/system test: Done
packages/domains/workflow test$ vitest run src
packages/web-domains/admin test$ vitest run src
packages/web-domains/demo test$ vitest run src
packages/web-domains/notify test$ vitest run src
packages/web-domains/admin test:  RUN  v4.1.10 /srv/WTA-plus/frontend/packages/web-domains/admin
packages/domains/workflow test:  RUN  v4.1.10 /srv/WTA-plus/frontend/packages/domains/workflow
packages/web-domains/demo test:  RUN  v4.1.10 /srv/WTA-plus/frontend/packages/web-domains/demo
packages/web-domains/notify test:  RUN  v4.1.10 /srv/WTA-plus/frontend/packages/web-domains/notify
packages/web-domains/demo test:  Test Files  1 passed (1)
packages/web-domains/demo test:       Tests  2 passed (2)
packages/web-domains/demo test:    Start at  16:11:54
packages/web-domains/demo test:    Duration  389ms (transform 64ms, setup 0ms, import 150ms, tests 6ms, environment 1ms)
packages/web-domains/admin test:  Test Files  3 passed (3)
packages/web-domains/admin test:       Tests  6 passed (6)
packages/web-domains/admin test:    Start at  16:11:54
packages/web-domains/admin test:    Duration  415ms (transform 161ms, setup 0ms, import 448ms, tests 26ms, environment 2ms)
packages/domains/workflow test:  Test Files  2 passed (2)
packages/domains/workflow test:       Tests  7 passed (7)
packages/domains/workflow test:    Start at  16:11:54
packages/domains/workflow test:    Duration  430ms (transform 230ms, setup 0ms, import 300ms, tests 69ms, environment 1ms)
packages/web-domains/demo test: Done
packages/web-domains/profile test$ vitest run src
packages/web-domains/admin test: Done
packages/web-domains/system test$ vitest run src
packages/domains/workflow test: Done
packages/web-domains/third test$ vitest run src --passWithNoTests
packages/web-domains/notify test:  Test Files  3 passed (3)
packages/web-domains/notify test:       Tests  9 passed (9)
packages/web-domains/notify test:    Start at  16:11:54
packages/web-domains/notify test:    Duration  464ms (transform 186ms, setup 0ms, import 409ms, tests 36ms, environment 1ms)
packages/web-domains/notify test: Done
packages/web-domains/profile test:  RUN  v4.1.10 /srv/WTA-plus/frontend/packages/web-domains/profile
packages/web-domains/system test:  RUN  v4.1.10 /srv/WTA-plus/frontend/packages/web-domains/system
packages/web-domains/third test:  RUN  v4.1.10 /srv/WTA-plus/frontend/packages/web-domains/third
packages/web-domains/profile test:  Test Files  8 passed (8)
packages/web-domains/profile test:       Tests  36 passed (36)
packages/web-domains/profile test:    Start at  16:11:55
packages/web-domains/profile test:    Duration  947ms (transform 1.48s, setup 0ms, import 2.33s, tests 81ms, environment 12ms)
packages/web-domains/profile test: Done
packages/web-domains/third test:  Test Files  1 passed (1)
packages/web-domains/third test:       Tests  1 passed (1)
packages/web-domains/third test:    Start at  16:11:55
packages/web-domains/third test:    Duration  1.13s (transform 591ms, setup 0ms, import 710ms, tests 6ms, environment 0ms)
packages/web-domains/third test: Done
packages/web-domains/system test:  Test Files  11 passed (11)
packages/web-domains/system test:       Tests  73 passed (73)
packages/web-domains/system test:    Start at  16:11:55
packages/web-domains/system test:    Duration  4.68s (transform 3.62s, setup 0ms, import 6.27s, tests 4.80s, environment 10ms)
packages/web-domains/system test: Done
apps/home-web test$ vitest run src
packages/web-domains/workflow test$ vitest run src
packages/web-domains/workflow test:  RUN  v4.1.10 /srv/WTA-plus/frontend/packages/web-domains/workflow
apps/home-web test:  RUN  v4.1.10 /srv/WTA-plus/frontend/apps/home-web
apps/home-web test:  Test Files  7 passed (7)
apps/home-web test:       Tests  15 passed (15)
apps/home-web test:    Start at  16:12:00
apps/home-web test:    Duration  560ms (transform 556ms, setup 0ms, import 943ms, tests 45ms, environment 3ms)
apps/home-web test: Done
packages/web-domains/workflow test:  Test Files  6 passed (6)
packages/web-domains/workflow test:       Tests  59 passed (59)
packages/web-domains/workflow test:    Start at  16:12:00
packages/web-domains/workflow test:    Duration  954ms (transform 2.16s, setup 0ms, import 3.51s, tests 124ms, environment 3ms)
packages/web-domains/workflow test: Done
apps/admin-web test$ vitest run src
apps/admin-web test:  RUN  v4.1.10 /srv/WTA-plus/frontend/apps/admin-web
apps/admin-web test:  Test Files  15 passed (15)
apps/admin-web test:       Tests  71 passed (71)
apps/admin-web test:    Start at  16:12:02
apps/admin-web test:    Duration  2.64s (transform 3.06s, setup 0ms, import 5.11s, tests 771ms, environment 6ms)
apps/admin-web test: Done
