[INFO] 校验 Shell 语法
[INFO] 校验发布入口语法
[INFO] 校验显式 App 清单与发布配套
[INFO] explicit shipped App registration verified: admin-web, home-web, sso-web
[INFO] 执行全部发布合同测试
✔ release inventory contains the three retained Java applications (40.450294ms)
✔ new baseline keeps six SQL slots and retires vendor tables and menu seeds (2.126846ms)
✔ runtime declarations have no retired service, callback or upstream dependency (0.880611ms)
✔ every shipped App has a complete explicit release registration (55.374146ms)
✔ SSO has its own ingress and proxies the real same-origin SSO API namespace (1.920307ms)
✔ invalid release registration/config: unregistered App cannot change selected assets (836.900715ms)
✔ invalid release registration/config: unregistered Compose service cannot change selected assets (982.773719ms)
✔ invalid release registration/config: missing SSO template cannot change selected assets (1041.182804ms)
✔ invalid release registration/config: wrong template mount cannot change selected assets (1304.560104ms)
✔ invalid release registration/config: wrong SSO port default cannot change selected assets (1090.692513ms)
✔ invalid release registration/config: missing SSO Origin binding cannot change selected assets (1010.602331ms)
✔ invalid release registration/config: missing prefix cannot change selected assets (1120.832553ms)
✔ invalid release registration/config: same SSO Origin cannot change selected assets (1012.789966ms)
✔ invalid release registration/config: same SSO hostname with a different port cannot change selected assets (973.096943ms)
✔ invalid release registration/config: production HTTP Origin cannot change selected assets (1138.250443ms)
✔ invalid release registration/config: SSO API/static prefix collision cannot change selected assets (1035.686303ms)
✔ invalid release registration/config: invalid API route cannot change selected assets (1011.893043ms)
✔ SSO registration preserves runtime configuration and is idempotent, including port changes (362.790592ms)
✔ runtime Origin changes are rejected before the selected release reaches Docker (1065.271937ms)
✔ complete CLI build proves one archived revision, leaves current unchanged, stages and restores history (1877.428726ms)
✔ dirty/untracked source and inherited ignored output cannot become a deployable release (1426.295992ms)
✔ stage rejects missing-template without changing current, history, or mutable Docker contexts (927.934447ms)
✔ stage rejects bad-sql without changing current, history, or mutable Docker contexts (1152.17914ms)
✔ stage rejects bad-jar without changing current, history, or mutable Docker contexts (933.959844ms)
✔ stage rejects mixed-source without changing current, history, or mutable Docker contexts (956.553438ms)
✔ stage rejects partial without changing current, history, or mutable Docker contexts (1118.814634ms)
✔ stage rejects symlink without changing current, history, or mutable Docker contexts (890.415494ms)
✔ stage rejects extra-file without changing current, history, or mutable Docker contexts (953.991505ms)
✔ stage detects raw digest changes and refuses legacy current directories and escaped version paths (1814.116871ms)
✔ interruption kills the owned compiler, keeps other scratch/history, releases lock, and allows retry (1734.731357ms)
✔ the archive remains the compiler input during a transient edit restored before build end (746.238333ms)
✔ Docker consumer pins one version across all categories, forwards logs, and explicitly rebuilds/recreates (2278.06176ms)
✔ bundle contains only the verified selected release; runtime credentials and old contexts stay out (845.297927ms)
✔ interruption immediately before the one pointer rename preserves current and clears only its pending link (1353.733706ms)
✔ the dev/core branch preserves bundle selection and rejects a production pointer mismatch (699.747266ms)
✔ full accepts the independently declared product composition (203.162684ms)
✔ full rejects a missing wta-system (192.810817ms)
✔ full rejects a missing wta-common-notify (236.249053ms)
✔ full rejects a missing wta-common-oss (194.251179ms)
✔ full rejects a missing wta-third (164.205192ms)
✔ full rejects a missing wta-sso (174.777408ms)
✔ full rejects a missing wta-notify (175.649999ms)
✔ full rejects a missing wta-profile-person (172.125584ms)
✔ full rejects a missing wta-profile-enterprise (184.777906ms)
✔ core accepts the independently declared product composition (198.265832ms)
✔ core rejects a missing wta-system (191.170184ms)
✔ core rejects a missing wta-common-notify (196.841802ms)
✔ core rejects a missing wta-common-oss (190.48186ms)
✔ core rejects a missing wta-third (193.359023ms)
✔ core rejects a missing wta-sso (192.335323ms)
✔ core rejects a missing wta-notify (165.713606ms)
✔ core rejects a missing wta-profile-person (172.654499ms)
✔ core rejects a missing wta-profile-enterprise (166.804801ms)
✔ core rejects the excluded wta-job (181.519885ms)
✔ full requires wta-job (203.570853ms)
✔ core rejects the excluded wta-ai (199.988143ms)
✔ full requires wta-ai (185.054449ms)
✔ core rejects the excluded wta-common-ai (188.328456ms)
✔ full requires wta-common-ai (187.84125ms)
✔ core rejects the excluded wta-demo (182.105301ms)
✔ full requires wta-demo (176.374127ms)
✔ core rejects the excluded wta-workflow (174.975436ms)
✔ full requires wta-workflow (160.80014ms)
✔ a similarly prefixed library cannot impersonate a required module (168.977835ms)
✔ neither bundle may include retired vendor starters (402.624366ms)
✔ external service test images match the current deployment Compose contract (0.532532ms)
✔ network name collision does not delete containers or networks owned by another run (12.770448ms)
✔ explicit JAR verification works from an isolated directory without Git metadata (201.545921ms)
✔ external-service report gate: success (31.286922ms)
✔ external-service report gate: missing (30.171783ms)
✔ external-service report gate: stale (38.66852ms)
✔ external-service report gate: zero (34.52243ms)
✔ external-service report gate: skipped (40.849453ms)
✔ external-service report gate: failure (28.968075ms)
✔ external-service report gate: error (36.904303ms)
✔ external-service report gate: duplicate (30.069966ms)
✔ machine-local credentials are ignored and absent from the Git index (11.281195ms)
✔ the developer launcher loads the private file externally and preserves an explicit override (955.337582ms)
✔ Maven excludes private configuration and examples, including stale target files, from JARs (3603.358158ms)
[INFO] MySQL baseline verified read-only; six canonical SQL files unchanged
[INFO] MySQL baseline verified read-only; six canonical SQL files unchanged
✔ the six ordered MySQL files are non-empty UTF-8 baselines tracked by Git (11.014136ms)
✔ stage-mysql is idempotent and never rewrites the canonical SQL files (91.78805ms)
✔ release secrets and generated artifacts remain ignored (72.661634ms)
✔ NAMEWTA structure and data contracts live in the canonical 50 and 60 files (2.92021ms)
✔ backend SQL consumers use the explicit canonical baseline seam (12.06798ms)
✔ HTTP and TLS load balancers proxy the complete Nacos context path (1.03641ms)
✔ Nacos proxy keeps authentication and frame policy owned by Nacos (0.582242ms)
✔ HTTP and TLS expose the same Nacos route contract (0.727622ms)
✔ 基座只保留当前通知持久化模型，不重新创建已退役的 System 通知日志表 (1.779383ms)
✔ 公告发送范围和站内消息快照字段由唯一 MySQL 基座完整定义 (2.978649ms)
✔ 初始化公告显式面向全部用户且只选择站内渠道，不产生额外目标或外部投递 (1.672563ms)
✔ 通知渠道字典与公告可选站内信、短信、邮件合同一致 (0.44957ms)
✔ 通知菜单权限覆盖管理动作与收件箱阅读动作 (0.880938ms)
✔ 清理旧通知菜单不会删除当前通知监控路由 (0.495065ms)
✔ 常见短信和邮件预设默认停用且不携带账号凭据或隐式场景绑定 (0.775605ms)
[INFO] MySQL baseline verified read-only; six canonical SQL files unchanged
[ERROR] SQL baseline must contain exactly six ordered files
✔ deployment is split into exactly four compose categories (2.506876ms)
✔ runtime resources use the namewta prefix (1.054109ms)
✔ frontend compose provides LB, TLS profile, and independent app nginx (0.251505ms)
✔ nginx templates preserve prefix stripping and protect actuator (0.242269ms)
✔ both load balancers serve the internal no-cache maintenance page for upstream errors (0.413668ms)
✔ committed env file contains placeholders instead of runtime secrets (0.457166ms)
✔ both admin instances inherit a default-off OpenAPI secret contract (0.845973ms)
✔ MinIO stays on the last fully AGPL community release (0.249471ms)
✔ RustFS standby is pinned, profile-gated, and locally bound (0.5841ms)
✔ Nacos infrastructure is optional, pinned, authenticated, and locally bound (0.313728ms)
✔ Nacos override requires secrets and enables both admin instances after health (0.56003ms)
✔ Nacos MySQL schema is pinned and both initialization paths are idempotent (0.552932ms)
✔ existing-volume Nacos initializer rejects placeholder credentials without leaking them (18.596361ms)
✔ Nacos schema SQL is not a bash hook and compose still gates the Nacos service (0.473335ms)
✔ stage-mysql validates the canonical SQL baseline without writing it (594.017137ms)
✔ MySQL initialization targets one protected wta-plus database (0.932581ms)
✔ admin instances receive the private MinIO readiness canary contract (0.179638ms)
✔ reserved ingress routes cannot be used as an app prefix (0.422101ms)
✔ add_app.mjs registers a buildable app across compose and both LBs (392.916579ms)
✔ docker manager keeps optional service forwarding as an argument (0.305527ms)
✔ 发布资产是当前唯一的 MySQL 与工作流事实源 (8.104848ms)
✔ 当前治理声明直接维护基座并要求按标签升级已有库 (1.001448ms)
✔ CI 复用受保护初始化器并把唯一 SQL 根传给后端测试 (0.38963ms)
✔ 私密发布报告目录保持未跟踪 (6.003246ms)
✔ public entry replaces forwarding chains while internal app proxies append (1.561412ms)
✔ generated public app routes also replace client supplied XFF (1.69698ms)
✔ the six leave workflow assets are exact, parseable, and tracked (9.718981ms)
✔ KEEP third-party dromara coordinates still occur as Maven groupIds and Java imports (86.78223ms)
✔ first-party backend POM groupId is org.namewta and owned modules are wta-* (0.602249ms)
✔ product-owned upstream-fork-sync skill and docs/upstream workflow tree are absent (10.2392ms)
✔ owned filesystem paths use org/namewta not org/dromara (130.551996ms)
✔ live admin home and docs widget do not depend on dromara product URLs (0.755953ms)
✔ README clones the WTA-plus monorepo without git submodule delivery (0.409318ms)
✔ shipped Nacos runtime reads only the new data-id (hard-cut, no dual-read loader) (0.61482ms)
ℹ tests 128
ℹ suites 0
ℹ pass 128
ℹ fail 0
ℹ cancelled 0
ℹ skipped 0
ℹ todo 0
ℹ duration_ms 46926.108076
[INFO] 执行 Nginx Skill 台账检查
[INFO] 校验四类 Docker Compose
[INFO] release-artifacts 验证完成
