✔ machine-local credentials are ignored and absent from the Git index (12.118884ms)
✖ Maven excludes private configuration and examples, including stale target files, from JARs (1765.27209ms)
ℹ tests 2
ℹ suites 0
ℹ pass 1
ℹ fail 1
ℹ cancelled 0
ℹ skipped 0
ℹ todo 0
ℹ duration_ms 1846.582937

✖ failing tests:

test at release-artifacts/tests/local-config-safety.test.mjs:18:1
✖ Maven excludes private configuration and examples, including stale target files, from JARs (1765.27209ms)
  AssertionError [ERR_ASSERTION]: application-local.yml must not enter the resource output
  
  true !== false
  
      at TestContext.<anonymous> (file:///srv/WTA-plus/release-artifacts/tests/local-config-safety.test.mjs:37:14)
      at Test.runInAsyncScope (node:async_hooks:227:14)
      at Test.run (node:internal/test_runner/test:1402:25)
      at Test.processPendingSubtests (node:internal/test_runner/test:974:18)
      at Test.postRun (node:internal/test_runner/test:1542:19)
      at Test.run (node:internal/test_runner/test:1467:12)
      at async startSubtestAfterBootstrap (node:internal/test_runner/harness:387:3) {
    generatedMessage: false,
    code: 'ERR_ASSERTION',
    actual: true,
    expected: false,
    operator: 'strictEqual',
    diff: 'simple'
  }
