[INFO] 校验 Shell 语法
[INFO] 校验发布入口语法
[INFO] 校验显式 App 清单与发布配套
[INFO] explicit shipped App registration verified: admin-web, home-web, sso-web
[INFO] 执行全部发布合同测试
✔ release inventory contains the three retained Java applications (49.886968ms)
✔ new baseline keeps six SQL slots and retires vendor tables and menu seeds (1.909891ms)
✔ runtime declarations have no retired service, callback or upstream dependency (0.492422ms)
✔ every shipped App has a complete explicit release registration (50.158538ms)
✔ SSO has its own ingress and proxies the real same-origin SSO API namespace (1.655003ms)
✔ invalid release registration/config: unregistered App cannot change selected assets (773.051979ms)
✔ invalid release registration/config: unregistered Compose service cannot change selected assets (953.113472ms)
✔ invalid release registration/config: missing SSO template cannot change selected assets (933.057559ms)
✔ invalid release registration/config: wrong template mount cannot change selected assets (1129.786989ms)
✔ invalid release registration/config: wrong SSO port default cannot change selected assets (1056.787776ms)
✔ invalid release registration/config: missing SSO Origin binding cannot change selected assets (946.786895ms)
✔ invalid release registration/config: missing prefix cannot change selected assets (1016.074168ms)
✔ invalid release registration/config: same SSO Origin cannot change selected assets (1089.815813ms)
✔ invalid release registration/config: same SSO hostname with a different port cannot change selected assets (998.86083ms)
✔ invalid release registration/config: production HTTP Origin cannot change selected assets (1150.498559ms)
✔ invalid release registration/config: SSO API/static prefix collision cannot change selected assets (944.32431ms)
✔ invalid release registration/config: invalid API route cannot change selected assets (1030.573965ms)
✔ SSO registration preserves runtime configuration and is idempotent, including port changes (345.248066ms)
✔ runtime Origin changes are rejected before the selected release reaches Docker (1034.637392ms)
✔ complete CLI build proves one archived revision, leaves current unchanged, stages and restores history (2115.163047ms)
✔ dirty/untracked source and inherited ignored output cannot become a deployable release (1464.660257ms)
✔ stage rejects missing-template without changing current, history, or mutable Docker contexts (1004.652942ms)
✔ stage rejects bad-sql without changing current, history, or mutable Docker contexts (939.972215ms)
✔ stage rejects bad-jar without changing current, history, or mutable Docker contexts (1067.392015ms)
✔ stage rejects mixed-source without changing current, history, or mutable Docker contexts (926.933389ms)
✔ stage rejects partial without changing current, history, or mutable Docker contexts (870.892835ms)
✔ stage rejects symlink without changing current, history, or mutable Docker contexts (1027.400249ms)
✔ stage rejects extra-file without changing current, history, or mutable Docker contexts (998.846585ms)
✔ stage detects raw digest changes and refuses legacy current directories and escaped version paths (1722.620478ms)
✔ interruption kills the owned compiler, keeps other scratch/history, releases lock, and allows retry (1892.92298ms)
✔ the archive remains the compiler input during a transient edit restored before build end (870.481697ms)
✔ Docker consumer pins one version across all categories, forwards logs, and explicitly rebuilds/recreates (2941.427323ms)
✔ bundle contains only the verified selected release; runtime credentials and old contexts stay out (1057.456481ms)
✔ interruption immediately before the one pointer rename preserves current and clears only its pending link (1901.92066ms)
✔ the dev/core branch preserves bundle selection and rejects a production pointer mismatch (854.454774ms)
✔ full accepts the independently declared product composition (209.637312ms)
✔ full rejects a missing wta-system (266.098404ms)
✔ full rejects a missing wta-common-notify (234.046033ms)
✔ full rejects a missing wta-common-oss (244.185017ms)
✔ full rejects a missing wta-third (241.424589ms)
✔ full rejects a missing wta-sso (268.805501ms)
✔ full rejects a missing wta-notify (227.240129ms)
✔ full rejects a missing wta-profile-person (226.742416ms)
✔ full rejects a missing wta-profile-enterprise (225.45998ms)
✔ core accepts the independently declared product composition (205.25027ms)
✔ core rejects a missing wta-system (218.614046ms)
✔ core rejects a missing wta-common-notify (279.729873ms)
✔ core rejects a missing wta-common-oss (224.114847ms)
✔ core rejects a missing wta-third (202.606138ms)
✔ core rejects a missing wta-sso (228.95371ms)
✔ core rejects a missing wta-notify (251.215457ms)
✔ core rejects a missing wta-profile-person (267.24391ms)
✔ core rejects a missing wta-profile-enterprise (300.206234ms)
✔ core rejects the excluded wta-job (243.119783ms)
✔ full requires wta-job (261.519902ms)
✔ core rejects the excluded wta-ai (267.980448ms)
✔ full requires wta-ai (222.218297ms)
✔ core rejects the excluded wta-common-ai (177.237382ms)
✔ full requires wta-common-ai (188.965665ms)
✔ core rejects the excluded wta-demo (224.258492ms)
✔ full requires wta-demo (216.500736ms)
✔ core rejects the excluded wta-workflow (268.882046ms)
✔ full requires wta-workflow (222.351957ms)
✔ a similarly prefixed library cannot impersonate a required module (222.451752ms)
✔ neither bundle may include retired vendor starters (455.317897ms)
✔ external service test images match the current deployment Compose contract (0.940574ms)
✔ network name collision does not delete containers or networks owned by another run (14.453327ms)
✔ explicit JAR verification works from an isolated directory without Git metadata (228.79269ms)
✔ external-service report gate: success (48.289965ms)
✔ external-service report gate: missing (47.920087ms)
✔ external-service report gate: stale (45.057158ms)
✔ external-service report gate: zero (36.049745ms)
✔ external-service report gate: skipped (47.863054ms)
✔ external-service report gate: failure (38.828541ms)
✔ external-service report gate: error (39.779662ms)
✔ external-service report gate: duplicate (39.756401ms)
✔ machine-local credentials are ignored and absent from the Git index (13.729978ms)
✔ the developer launcher loads the private file externally and preserves an explicit override (1065.433055ms)
✔ Maven excludes private configuration and examples, including stale target files, from JARs (3387.687862ms)
[INFO] MySQL baseline verified read-only; six canonical SQL files unchanged
[INFO] MySQL baseline verified read-only; six canonical SQL files unchanged
✔ the six ordered MySQL files are non-empty UTF-8 baselines tracked by Git (9.058489ms)
✔ stage-mysql is idempotent and never rewrites the canonical SQL files (100.775606ms)
✔ release secrets and generated artifacts remain ignored (63.975982ms)
✔ NAMEWTA structure and data contracts live in the canonical 50 and 60 files (2.614675ms)
✔ backend SQL consumers use the explicit canonical baseline seam (11.842071ms)
✔ HTTP and TLS load balancers proxy the complete Nacos context path (1.15919ms)
✔ Nacos proxy keeps authentication and frame policy owned by Nacos (0.543013ms)
✔ HTTP and TLS expose the same Nacos route contract (0.329183ms)
✔ 基座只保留当前通知持久化模型，不重新创建已退役的 System 通知日志表 (1.818656ms)
✔ 公告发送范围和站内消息快照字段由唯一 MySQL 基座完整定义 (1.91377ms)
✔ 初始化公告显式面向全部用户且只选择站内渠道，不产生额外目标或外部投递 (1.438615ms)
✔ 通知渠道字典与公告可选站内信、短信、邮件合同一致 (0.542962ms)
✔ 通知菜单权限覆盖管理动作与收件箱阅读动作 (1.177451ms)
✔ 清理旧通知菜单不会删除当前通知监控路由 (0.464223ms)
✔ 常见短信和邮件预设默认停用且不携带账号凭据或隐式场景绑定 (0.725663ms)
[INFO] MySQL baseline verified read-only; six canonical SQL files unchanged
[ERROR] SQL baseline must contain exactly six ordered files
✔ deployment is split into exactly four compose categories (2.584779ms)
✔ runtime resources use the namewta prefix (0.992021ms)
✔ frontend compose provides LB, TLS profile, and independent app nginx (0.453506ms)
✔ nginx templates preserve prefix stripping and protect actuator (0.273588ms)
✔ both load balancers serve the internal no-cache maintenance page for upstream errors (0.458064ms)
✔ committed env file contains placeholders instead of runtime secrets (0.364131ms)
✔ both admin instances inherit a default-off OpenAPI secret contract (0.450488ms)
✔ MinIO stays on the last fully AGPL community release (0.262719ms)
✔ RustFS standby is pinned, profile-gated, and locally bound (0.411914ms)
✔ Nacos infrastructure is optional, pinned, authenticated, and locally bound (0.334401ms)
✔ Nacos override requires secrets and enables both admin instances after health (0.549467ms)
✔ Nacos MySQL schema is pinned and both initialization paths are idempotent (0.53398ms)
✔ existing-volume Nacos initializer rejects placeholder credentials without leaking them (22.355754ms)
✔ Nacos schema SQL is not a bash hook and compose still gates the Nacos service (0.560718ms)
✔ stage-mysql validates the canonical SQL baseline without writing it (2764.117861ms)
✔ MySQL initialization targets one protected wta-plus database (1.2176ms)
✔ admin instances receive the private MinIO readiness canary contract (0.162975ms)
✔ reserved ingress routes cannot be used as an app prefix (0.252439ms)
✔ add_app.mjs registers a buildable app across compose and both LBs (567.753461ms)
✔ docker manager keeps optional service forwarding as an argument (0.290041ms)
✔ 发布资产是当前唯一的 MySQL 与工作流事实源 (66.663308ms)
✔ 当前治理声明直接维护基座并要求按标签升级已有库 (1.959566ms)
✔ CI 复用受保护初始化器并把唯一 SQL 根传给后端测试 (1.103437ms)
✔ 私密发布报告目录保持未跟踪 (6.305732ms)
✔ public entry replaces forwarding chains while internal app proxies append (1.270258ms)
✔ generated public app routes also replace client supplied XFF (1.011073ms)
✔ the six leave workflow assets are exact, parseable, and tracked (11.04613ms)
✔ KEEP third-party dromara coordinates still occur as Maven groupIds and Java imports (106.669191ms)
✔ first-party backend POM groupId is org.namewta and owned modules are wta-* (1.096756ms)
✔ product-owned upstream-fork-sync skill and docs/upstream workflow tree are absent (22.632583ms)
✔ owned filesystem paths use org/namewta not org/dromara (903.137583ms)
✔ live admin home and docs widget do not depend on dromara product URLs (0.306057ms)
✔ README clones the WTA-plus monorepo without git submodule delivery (0.254961ms)
✔ shipped Nacos runtime reads only the new data-id (hard-cut, no dual-read loader) (0.359404ms)
ℹ tests 128
ℹ suites 0
ℹ pass 128
ℹ fail 0
ℹ cancelled 0
ℹ skipped 0
ℹ todo 0
ℹ duration_ms 53086.921166
[INFO] 执行 Nginx Skill 台账检查
[INFO] 校验四类 Docker Compose
[INFO] release-artifacts 验证完成
