
> wta-vue-plus@6.0.0 test /srv/WTA-plus/frontend
> pnpm test:workspace


> wta-vue-plus@6.0.0 test:workspace /srv/WTA-plus/frontend
> pnpm architecture:check && pnpm -r --if-present test


> wta-vue-plus@6.0.0 architecture:check /srv/WTA-plus/frontend
> namewta-architecture check --root .

Architecture check passed: 33 workspace package(s), 0 reviewed baseline violation(s).
Scope: 32 of 33 workspace projects
apps/sso-web test$ vitest run src
packages/api-contracts test$ tsc --noEmit -p tsconfig.json
packages/platform/contracts test$ vitest run src
packages/platform/permission test$ vitest run src
packages/platform/permission test:  RUN  v4.1.10 /srv/WTA-plus/frontend/packages/platform/permission
packages/platform/contracts test:  RUN  v4.1.10 /srv/WTA-plus/frontend/packages/platform/contracts
apps/sso-web test:  RUN  v4.1.10 /srv/WTA-plus/frontend/apps/sso-web
packages/platform/contracts test:  Test Files  1 passed (1)
packages/platform/contracts test:       Tests  1 passed (1)
packages/platform/contracts test:    Start at  15:23:02
packages/platform/contracts test:    Duration  270ms (transform 46ms, setup 0ms, import 73ms, tests 7ms, environment 0ms)
packages/platform/permission test:  Test Files  1 passed (1)
packages/platform/permission test:       Tests  13 passed (13)
packages/platform/permission test:    Start at  15:23:02
packages/platform/permission test:    Duration  288ms (transform 71ms, setup 0ms, import 100ms, tests 10ms, environment 1ms)
packages/platform/contracts test: Done
packages/platform/validation test$ vitest run src
packages/platform/permission test: Done
packages/web-kit/rich-text test$ vitest run src
apps/sso-web test:  Test Files  1 passed (1)
apps/sso-web test:       Tests  5 passed (5)
apps/sso-web test:    Start at  15:23:02
apps/sso-web test:    Duration  330ms (transform 82ms, setup 0ms, import 104ms, tests 55ms, environment 0ms)
apps/sso-web test: Done
tooling/architecture test$ node --test ./test/*.test.mjs
packages/api-contracts test: Done
tooling/openapi test$ node --test test/*.test.mjs
packages/platform/validation test:  RUN  v4.1.10 /srv/WTA-plus/frontend/packages/platform/validation
packages/web-kit/rich-text test:  RUN  v4.1.10 /srv/WTA-plus/frontend/packages/web-kit/rich-text
tooling/architecture test: ✔ accepts a valid public dependency graph without reading environment files (162.114246ms)
packages/platform/validation test:  Test Files  1 passed (1)
packages/platform/validation test:       Tests  3 passed (3)
packages/platform/validation test:    Start at  15:23:03
packages/platform/validation test:    Duration  306ms (transform 85ms, setup 0ms, import 113ms, tests 5ms, environment 0ms)
tooling/architecture test: ✔ ignores Speculo worktree copies outside the active workspace (59.430321ms)
packages/platform/validation test: Done
tooling/architecture test: ✔ rejects retired Admin navigation owners and fallback algorithms (182.09824ms)
tooling/architecture test: ✔ rejects an internal deep import with a localized public-entry diagnostic (33.339818ms)
tooling/architecture test: ✔ rejects a self deep import that bypasses the package public entry (27.770084ms)
tooling/architecture test: ✔ rejects a platform to domain reverse edge (91.097819ms)
tooling/architecture test: ✔ rejects an undeclared public internal import (73.982342ms)
tooling/architecture test: ✔ rejects a concrete adapter to domain reverse edge (116.652171ms)
tooling/architecture test: ✔ rejects an internal dependency cycle (41.457449ms)
tooling/architecture test: ✔ rejects growth of the reviewed baseline (17.41118ms)
tooling/architecture test: ✔ rejects activation of an explicitly inactive placeholder (30.964493ms)
tooling/architecture test: ✔ rejects duplicated API facades inside activated Apps (19.66027ms)
tooling/architecture test: ✔ rejects an activated manifest outside the supported package layout (12.923118ms)
tooling/architecture test: ✔ does not hide a second deep import behind one reviewed baseline detail (35.07026ms)
tooling/architecture test: ✔ consumes reviewed baseline identities as a multiset (40.209948ms)
tooling/architecture test: ✔ rejects platform to api-contracts outside the explicit dependency allowlist (21.022197ms)
tooling/architecture test: ✔ rejects domain to tooling outside the explicit dependency allowlist (21.085825ms)
tooling/architecture test: ✔ rejects adapter to api-contracts outside the explicit dependency allowlist (19.587176ms)
tooling/openapi test: ✔ invalid and missing sources preserve the last-known-good active revision (36.40771ms)
tooling/openapi test: ✔ valid fetch persists an immutable revision before atomically activating its pointer (15.097796ms)
tooling/architecture test: ✔ rejects adapter to tooling outside the explicit dependency allowlist (40.426676ms)
tooling/openapi test: ✔ identical snapshots with different provenance activate distinct immutable revisions (10.817899ms)
tooling/architecture test: ✔ rejects vue terminal imports from domain (12.649176ms)
tooling/architecture test: ✔ rejects axios terminal imports from platform (18.688527ms)
tooling/openapi test: ✔ an unactivated revision cannot change the last-known-good contract (29.332849ms)
tooling/architecture test: ✔ rejects crypto-js terminal imports from platform (12.240313ms)
tooling/openapi test: ✔ generation rejects stale or invalid provenance in the active immutable revision (24.712007ms)
tooling/architecture test: ✔ rejects jsencrypt terminal imports from domain (22.116879ms)
tooling/architecture test: ✔ rejects terminal runtime dependencies from platform manifests (16.8415ms)
tooling/openapi test: ✔ check detects source drift and manual generated-file edits without writing (33.679556ms)
tooling/openapi test: ✔ HTTP source errors redact credentials and query parameters for normalized schemes (0.762818ms)
tooling/architecture test: ✔ rejects source assets under an inactive README-only placeholder (25.210166ms)
tooling/openapi test: ℹ tests 7
tooling/openapi test: ℹ suites 0
tooling/openapi test: ℹ pass 7
tooling/openapi test: ℹ fail 0
tooling/openapi test: ℹ cancelled 0
tooling/openapi test: ℹ skipped 0
tooling/openapi test: ℹ todo 0
tooling/openapi test: ℹ duration_ms 1473.855315
tooling/openapi test: Done
tooling/architecture test: ✔ ignores import examples inside comments and strings (30.711938ms)
tooling/architecture test: ✔ parses Vue SFC scripts and rejects their deep imports (20.954102ms)
tooling/architecture test: ✔ rejects a relative import that crosses into another workspace (14.289273ms)
tooling/architecture test: ✔ accepts a relative import owned by the same workspace (12.577326ms)
tooling/architecture test: ✔ rejects pnpm workspace configuration drift (10.618511ms)
tooling/architecture test: ✔ rejects a shared framework version outside the catalog (10.121788ms)
tooling/architecture test: ✔ allows only the reviewed OpenAPI generator TypeScript peer outside the catalog (13.238844ms)
tooling/architecture test: ✔ rejects the OpenAPI TypeScript peer exception in another package or dependency field (15.823942ms)
tooling/architecture test: ✔ rejects a non-workspace internal reference (7.82684ms)
tooling/architecture test: ✔ rejects lockfile importer drift (6.758292ms)
tooling/architecture test: ✔ rejects lockfile dependency specifier drift (14.275515ms)
tooling/architecture test: ✔ rejects stale inactive placeholder importers (6.960965ms)
tooling/architecture test: ✔ rejects unshadowed window browser access from domain (7.453332ms)
tooling/architecture test: ✔ rejects unshadowed document browser access from domain (8.791337ms)
tooling/architecture test: ✔ rejects unshadowed localStorage browser access from domain (6.314991ms)
tooling/architecture test: ✔ rejects unshadowed sessionStorage browser access from platform (7.755324ms)
tooling/architecture test: ✔ rejects unshadowed navigator browser access from platform (6.486996ms)
tooling/architecture test: ✔ rejects unshadowed location browser access from platform (6.716162ms)
tooling/architecture test: ✔ rejects reviewed browser global self (6.77712ms)
tooling/architecture test: ✔ rejects reviewed browser global history (11.598749ms)
tooling/architecture test: ✔ rejects reviewed browser global visualViewport (12.540653ms)
tooling/architecture test: ✔ rejects reviewed browser global indexedDB (16.233358ms)
tooling/architecture test: ✔ rejects reviewed browser global caches (9.943072ms)
tooling/architecture test: ✔ rejects reviewed browser global cookieStore (13.893644ms)
tooling/architecture test: ✔ rejects reviewed browser global IDBFactory (25.241166ms)
tooling/architecture test: ✔ rejects reviewed browser global CacheStorage (29.610884ms)
tooling/architecture test: ✔ rejects reviewed browser global DOMParser (14.635667ms)
tooling/architecture test: ✔ rejects reviewed browser global XMLSerializer (14.318046ms)
packages/web-kit/rich-text test:  Test Files  1 passed (1)
packages/web-kit/rich-text test:       Tests  4 passed (4)
packages/web-kit/rich-text test:    Start at  15:23:03
packages/web-kit/rich-text test:    Duration  1.54s (transform 45ms, setup 0ms, import 64ms, tests 29ms, environment 1.21s)
tooling/architecture test: ✔ rejects reviewed browser global Node (16.147749ms)
packages/web-kit/rich-text test: Done
tooling/architecture test: ✔ rejects reviewed browser global HTMLElement (22.10484ms)
tooling/architecture test: ✔ rejects reviewed browser global Element (23.019461ms)
tooling/architecture test: ✔ rejects reviewed browser global Document (17.880285ms)
tooling/architecture test: ✔ rejects reviewed browser global DocumentFragment (20.869711ms)
tooling/architecture test: ✔ rejects reviewed browser global customElements (14.228048ms)
tooling/architecture test: ✔ rejects reviewed browser global CustomElementRegistry (20.259447ms)
tooling/architecture test: ✔ rejects reviewed browser global Storage (12.612183ms)
tooling/architecture test: ✔ rejects reviewed browser global MutationObserver (17.120825ms)
tooling/architecture test: ✔ rejects reviewed browser global ResizeObserver (10.176908ms)
tooling/architecture test: ✔ rejects reviewed browser global IntersectionObserver (13.353286ms)
tooling/architecture test: ✔ rejects reviewed browser global PerformanceObserver (16.344445ms)
tooling/architecture test: ✔ rejects reviewed browser global ReportingObserver (36.246254ms)
tooling/architecture test: ✔ rejects reviewed browser global XMLHttpRequest (12.352559ms)
tooling/architecture test: ✔ rejects reviewed browser global WebSocket (19.902132ms)
tooling/architecture test: ✔ rejects reviewed browser global EventSource (9.545045ms)
tooling/architecture test: ✔ rejects reviewed browser global BroadcastChannel (11.311302ms)
tooling/architecture test: ✔ rejects reviewed browser global fetch (22.572973ms)
tooling/architecture test: ✔ rejects reviewed browser global Worker (14.165034ms)
tooling/architecture test: ✔ rejects reviewed browser global SharedWorker (14.442258ms)
tooling/architecture test: ✔ rejects reviewed browser global ServiceWorker (10.431251ms)
tooling/architecture test: ✔ rejects reviewed browser global requestAnimationFrame (11.038909ms)
tooling/architecture test: ✔ rejects reviewed browser global cancelAnimationFrame (16.674328ms)
tooling/architecture test: ✔ rejects reviewed browser global matchMedia (8.82008ms)
tooling/architecture test: ✔ rejects reviewed browser global getComputedStyle (11.1837ms)
tooling/architecture test: ✔ rejects reviewed browser global screen (11.846073ms)
tooling/architecture test: ✔ rejects browser host aliases and destructuring through unshadowed globals (19.542381ms)
tooling/architecture test: ✔ accepts browser-global names shadowed by lexical declarations (10.775462ms)
tooling/architecture test: ✔ keeps named class-expression bindings local to the class (9.5036ms)
tooling/architecture test: ✔ accepts class-local and locally shadowed browser host names (13.566657ms)
tooling/architecture test: ✔ does not treat TypeScript value and type declaration names as browser references (18.156186ms)
tooling/architecture test: ✔ does not let a type-only declaration shadow a runtime browser global (18.885879ms)
tooling/architecture test: ✔ rejects an unshadowed DOM global used only as a type (12.99705ms)
tooling/architecture test: ✔ keeps module and class-static var declarations inside their runtime scopes (21.743279ms)
tooling/architecture test: ✔ keeps switch-case lexical declarations inside the case block (15.308603ms)
tooling/architecture test: ✔ accepts browser-named mapped and inferred type parameters (19.933934ms)
tooling/architecture test: ✔ does not leak an inferred type parameter into a conditional false branch (24.34516ms)
tooling/architecture test: ✔ does not let ambient declarations shadow runtime browser globals (23.054589ms)
tooling/architecture test: ✔ allows an ambient class declaration to satisfy a local type reference (16.980012ms)
tooling/architecture test: ✔ keeps ambient enum and namespace declarations type-only (13.883274ms)
tooling/architecture test: ✔ rejects browser access through unshadowed globalThis properties (19.357257ms)
tooling/architecture test: ✔ does not treat JSX attribute names as browser-global references (12.93312ms)
tooling/architecture test: ✔ applies browser-global purity to Vue script blocks (14.34981ms)
tooling/architecture test: ✔ rejects an activated workspace without every aggregate gate script (13.89321ms)
tooling/architecture test: ✔ keeps domain package names aligned one-to-one with backend modules (43.50362ms)
tooling/architecture test: ✔ keeps consumed Controller resources traceable through typed domain entries (63.347712ms)
tooling/architecture test: ✔ keeps the profile root as an explicit compatibility facade (4.905528ms)
tooling/architecture test: ✔ keeps web pages reachable through explicit page-owner entries (15.697186ms)
tooling/architecture test: ℹ tests 101
tooling/architecture test: ℹ suites 0
tooling/architecture test: ℹ pass 101
tooling/architecture test: ℹ fail 0
tooling/architecture test: ℹ cancelled 0
tooling/architecture test: ℹ skipped 0
tooling/architecture test: ℹ todo 0
tooling/architecture test: ℹ duration_ms 2751.241624
tooling/architecture test: Done
packages/adapters/oss-upload-browser test$ vitest run src
packages/adapters/storage-browser test$ vitest run src
packages/platform/app-runtime test$ vitest run src
packages/platform/auth test$ vitest run src
packages/adapters/oss-upload-browser test:  RUN  v4.1.10 /srv/WTA-plus/frontend/packages/adapters/oss-upload-browser
packages/adapters/storage-browser test:  RUN  v4.1.10 /srv/WTA-plus/frontend/packages/adapters/storage-browser
packages/platform/app-runtime test:  RUN  v4.1.10 /srv/WTA-plus/frontend/packages/platform/app-runtime
packages/platform/auth test:  RUN  v4.1.10 /srv/WTA-plus/frontend/packages/platform/auth
packages/adapters/storage-browser test:  Test Files  1 passed (1)
packages/adapters/storage-browser test:       Tests  5 passed (5)
packages/adapters/storage-browser test:    Start at  15:23:06
packages/adapters/storage-browser test:    Duration  406ms (transform 139ms, setup 0ms, import 181ms, tests 10ms, environment 9ms)
packages/adapters/storage-browser test: Done
packages/platform/http test$ vitest run src
packages/adapters/oss-upload-browser test:  Test Files  2 passed (2)
packages/adapters/oss-upload-browser test:       Tests  8 passed (8)
packages/adapters/oss-upload-browser test:    Start at  15:23:06
packages/adapters/oss-upload-browser test:    Duration  676ms (transform 435ms, setup 0ms, import 585ms, tests 82ms, environment 1ms)
packages/adapters/oss-upload-browser test: Done
packages/web-kit/file-upload test$ vitest run src
packages/platform/auth test:  Test Files  2 passed (2)
packages/platform/auth test:       Tests  18 passed (18)
packages/platform/auth test:    Start at  15:23:06
packages/platform/auth test:    Duration  745ms (transform 154ms, setup 0ms, import 299ms, tests 257ms, environment 3ms)
packages/platform/auth test: Done
packages/web-kit/permission test$ vitest run src
packages/platform/http test:  RUN  v4.1.10 /srv/WTA-plus/frontend/packages/platform/http
packages/platform/app-runtime test:  Test Files  4 passed (4)
packages/platform/app-runtime test:       Tests  23 passed (23)
packages/platform/app-runtime test:    Start at  15:23:06
packages/platform/app-runtime test:    Duration  1.35s (transform 793ms, setup 0ms, import 1.63s, tests 140ms, environment 9ms)
packages/web-kit/file-upload test:  RUN  v4.1.10 /srv/WTA-plus/frontend/packages/web-kit/file-upload
packages/platform/app-runtime test: Done
packages/platform/http test:  Test Files  1 passed (1)
packages/platform/http test:       Tests  7 passed (7)
packages/platform/http test:    Start at  15:23:07
packages/platform/http test:    Duration  286ms (transform 55ms, setup 0ms, import 76ms, tests 4ms, environment 0ms)
packages/web-kit/permission test:  RUN  v4.1.10 /srv/WTA-plus/frontend/packages/web-kit/permission
packages/platform/http test: Done
packages/web-kit/file-upload test:  Test Files  2 passed (2)
packages/web-kit/file-upload test:       Tests  7 passed (7)
packages/web-kit/file-upload test:    Start at  15:23:07
packages/web-kit/file-upload test:    Duration  354ms (transform 115ms, setup 0ms, import 168ms, tests 77ms, environment 1ms)
packages/web-kit/file-upload test: Done
packages/web-kit/permission test:  Test Files  1 passed (1)
packages/web-kit/permission test:       Tests  16 passed (16)
packages/web-kit/permission test:    Start at  15:23:08
packages/web-kit/permission test:    Duration  346ms (transform 65ms, setup 0ms, import 137ms, tests 14ms, environment 1ms)
packages/web-kit/permission test: Done
packages/adapters/axios-browser test$ vitest run src
packages/domains/admin test$ vitest run src
packages/domains/notify test$ vitest run src
packages/domains/demo test$ vitest run src
packages/adapters/axios-browser test:  RUN  v4.1.10 /srv/WTA-plus/frontend/packages/adapters/axios-browser
packages/domains/admin test:  RUN  v4.1.10 /srv/WTA-plus/frontend/packages/domains/admin
packages/domains/notify test:  RUN  v4.1.10 /srv/WTA-plus/frontend/packages/domains/notify
packages/domains/demo test:  RUN  v4.1.10 /srv/WTA-plus/frontend/packages/domains/demo
packages/domains/notify test:  Test Files  1 passed (1)
packages/domains/notify test:       Tests  3 passed (3)
packages/domains/notify test:    Start at  15:23:09
packages/domains/notify test:    Duration  506ms (transform 150ms, setup 0ms, import 220ms, tests 26ms, environment 0ms)
packages/domains/notify test: Done
packages/domains/profile test$ vitest run src
packages/domains/demo test:  Test Files  2 passed (2)
packages/domains/demo test:       Tests  4 passed (4)
packages/domains/demo test:    Start at  15:23:09
packages/domains/demo test:    Duration  568ms (transform 309ms, setup 0ms, import 394ms, tests 25ms, environment 1ms)
packages/domains/demo test: Done
packages/domains/system test$ vitest run src
packages/domains/admin test:  Test Files  3 passed (3)
packages/domains/admin test:       Tests  63 passed (63)
packages/domains/admin test:    Start at  15:23:09
packages/domains/admin test:    Duration  730ms (transform 788ms, setup 0ms, import 1.01s, tests 86ms, environment 1ms)
packages/domains/admin test: Done
packages/domains/third test$ vitest run src --passWithNoTests
packages/adapters/axios-browser test:  Test Files  2 passed (2)
packages/adapters/axios-browser test:       Tests  46 passed (46)
packages/adapters/axios-browser test:    Start at  15:23:09
packages/adapters/axios-browser test:    Duration  1.07s (transform 416ms, setup 0ms, import 1.12s, tests 154ms, environment 2ms)
packages/adapters/axios-browser test: Done
packages/domains/system test:  RUN  v4.1.10 /srv/WTA-plus/frontend/packages/domains/system
packages/domains/profile test:  RUN  v4.1.10 /srv/WTA-plus/frontend/packages/domains/profile
packages/domains/third test:  RUN  v4.1.10 /srv/WTA-plus/frontend/packages/domains/third
packages/domains/third test:  Test Files  1 passed (1)
packages/domains/third test:       Tests  1 passed (1)
packages/domains/third test:    Start at  15:23:10
packages/domains/third test:    Duration  613ms (transform 126ms, setup 0ms, import 167ms, tests 16ms, environment 1ms)
packages/domains/profile test:  Test Files  4 passed (4)
packages/domains/profile test:       Tests  22 passed (22)
packages/domains/profile test:    Start at  15:23:10
packages/domains/profile test:    Duration  793ms (transform 347ms, setup 0ms, import 595ms, tests 83ms, environment 3ms)
packages/domains/third test: Done
packages/domains/profile test: Done
packages/domains/system test:  Test Files  10 passed (10)
packages/domains/system test:       Tests  95 passed (95)
packages/domains/system test:    Start at  15:23:10
packages/domains/system test:    Duration  991ms (transform 1.77s, setup 0ms, import 2.41s, tests 166ms, environment 10ms)
packages/domains/system test: Done
packages/domains/workflow test$ vitest run src
packages/web-domains/admin test$ vitest run src
packages/web-domains/demo test$ vitest run src
packages/web-domains/notify test$ vitest run src
packages/domains/workflow test:  RUN  v4.1.10 /srv/WTA-plus/frontend/packages/domains/workflow
packages/web-domains/demo test:  RUN  v4.1.10 /srv/WTA-plus/frontend/packages/web-domains/demo
packages/web-domains/notify test:  RUN  v4.1.10 /srv/WTA-plus/frontend/packages/web-domains/notify
packages/web-domains/admin test:  RUN  v4.1.10 /srv/WTA-plus/frontend/packages/web-domains/admin
packages/domains/workflow test:  Test Files  2 passed (2)
packages/domains/workflow test:       Tests  7 passed (7)
packages/domains/workflow test:    Start at  15:23:12
packages/domains/workflow test:    Duration  667ms (transform 238ms, setup 0ms, import 404ms, tests 94ms, environment 2ms)
packages/web-domains/demo test:  Test Files  1 passed (1)
packages/web-domains/demo test:       Tests  2 passed (2)
packages/web-domains/demo test:    Start at  15:23:12
packages/web-domains/demo test:    Duration  608ms (transform 181ms, setup 0ms, import 352ms, tests 25ms, environment 1ms)
packages/domains/workflow test: Done
packages/web-domains/profile test$ vitest run src
packages/web-domains/demo test: Done
packages/web-domains/system test$ vitest run src
packages/web-domains/notify test:  Test Files  3 passed (3)
packages/web-domains/notify test:       Tests  9 passed (9)
packages/web-domains/notify test:    Start at  15:23:12
packages/web-domains/notify test:    Duration  877ms (transform 287ms, setup 0ms, import 822ms, tests 70ms, environment 1ms)
packages/web-domains/notify test: Done
packages/web-domains/third test$ vitest run src --passWithNoTests
packages/web-domains/admin test:  Test Files  3 passed (3)
packages/web-domains/admin test:       Tests  6 passed (6)
packages/web-domains/admin test:    Start at  15:23:12
packages/web-domains/admin test:    Duration  783ms (transform 376ms, setup 0ms, import 830ms, tests 55ms, environment 2ms)
packages/web-domains/admin test: Done
packages/web-domains/system test:  RUN  v4.1.10 /srv/WTA-plus/frontend/packages/web-domains/system
packages/web-domains/profile test:  RUN  v4.1.10 /srv/WTA-plus/frontend/packages/web-domains/profile
packages/web-domains/third test:  RUN  v4.1.10 /srv/WTA-plus/frontend/packages/web-domains/third
packages/web-domains/profile test:  Test Files  8 passed (8)
packages/web-domains/profile test:       Tests  36 passed (36)
packages/web-domains/profile test:    Start at  15:23:13
packages/web-domains/profile test:    Duration  1.40s (transform 2.78s, setup 0ms, import 3.86s, tests 138ms, environment 12ms)
packages/web-domains/profile test: Done
packages/web-domains/third test:  Test Files  1 passed (1)
packages/web-domains/third test:       Tests  1 passed (1)
packages/web-domains/third test:    Start at  15:23:14
packages/web-domains/third test:    Duration  1.20s (transform 664ms, setup 0ms, import 836ms, tests 8ms, environment 2ms)
packages/web-domains/third test: Done
packages/web-domains/system test:  Test Files  10 passed (10)
packages/web-domains/system test:       Tests  56 passed (56)
packages/web-domains/system test:    Start at  15:23:13
packages/web-domains/system test:    Duration  3.90s (transform 3.20s, setup 0ms, import 5.68s, tests 1.77s, environment 9ms)
packages/web-domains/system test: Done
apps/home-web test$ vitest run src
packages/web-domains/workflow test$ vitest run src
packages/web-domains/workflow test:  RUN  v4.1.10 /srv/WTA-plus/frontend/packages/web-domains/workflow
apps/home-web test:  RUN  v4.1.10 /srv/WTA-plus/frontend/apps/home-web
apps/home-web test:  Test Files  7 passed (7)
apps/home-web test:       Tests  15 passed (15)
apps/home-web test:    Start at  15:23:18
apps/home-web test:    Duration  1.11s (transform 981ms, setup 0ms, import 1.86s, tests 101ms, environment 13ms)
apps/home-web test: Done
packages/web-domains/workflow test:  Test Files  6 passed (6)
packages/web-domains/workflow test:       Tests  59 passed (59)
packages/web-domains/workflow test:    Start at  15:23:18
packages/web-domains/workflow test:    Duration  2.02s (transform 3.94s, setup 0ms, import 7.61s, tests 131ms, environment 6ms)
packages/web-domains/workflow test: Done
apps/admin-web test$ vitest run src
apps/admin-web test:  RUN  v4.1.10 /srv/WTA-plus/frontend/apps/admin-web
apps/admin-web test:  Test Files  15 passed (15)
apps/admin-web test:       Tests  71 passed (71)
apps/admin-web test:    Start at  15:23:22
apps/admin-web test:    Duration  3.39s (transform 4.73s, setup 0ms, import 7.39s, tests 1.03s, environment 8ms)
apps/admin-web test: Done
