[INFO] 校验 Shell 语法
[INFO] 校验发布入口语法
[INFO] 校验显式 App 清单与发布配套
[INFO] explicit shipped App registration verified: admin-web, home-web, sso-web
[INFO] 执行全部发布合同测试
✔ release inventory contains the three retained Java applications (37.79758ms)
✔ new baseline keeps six SQL slots and retires vendor tables and menu seeds (2.160052ms)
✔ runtime declarations have no retired service, callback or upstream dependency (0.507714ms)
✔ every shipped App has a complete explicit release registration (46.565042ms)
✔ SSO has its own ingress and proxies the real same-origin SSO API namespace (1.418183ms)
✔ invalid release registration/config: unregistered App cannot change selected assets (669.717392ms)
✔ invalid release registration/config: unregistered Compose service cannot change selected assets (748.140283ms)
✔ invalid release registration/config: missing SSO template cannot change selected assets (725.64945ms)
✔ invalid release registration/config: wrong template mount cannot change selected assets (695.858747ms)
✔ invalid release registration/config: wrong SSO port default cannot change selected assets (749.749273ms)
✔ invalid release registration/config: missing SSO Origin binding cannot change selected assets (691.233347ms)
✔ invalid release registration/config: missing prefix cannot change selected assets (668.539166ms)
✔ invalid release registration/config: same SSO Origin cannot change selected assets (733.360375ms)
✔ invalid release registration/config: same SSO hostname with a different port cannot change selected assets (666.352155ms)
✔ invalid release registration/config: production HTTP Origin cannot change selected assets (713.352107ms)
✔ invalid release registration/config: SSO API/static prefix collision cannot change selected assets (708.314502ms)
✔ invalid release registration/config: invalid API route cannot change selected assets (663.570002ms)
✔ SSO registration preserves runtime configuration and is idempotent, including port changes (200.683448ms)
✔ runtime Origin changes are rejected before the selected release reaches Docker (717.875189ms)
✔ complete CLI build proves one archived revision, leaves current unchanged, stages and restores history (1276.718624ms)
✔ dirty/untracked source and inherited ignored output cannot become a deployable release (951.286752ms)
✔ stage rejects missing-template without changing current, history, or mutable Docker contexts (658.094058ms)
✔ stage rejects bad-sql without changing current, history, or mutable Docker contexts (676.182128ms)
✔ stage rejects bad-jar without changing current, history, or mutable Docker contexts (738.962517ms)
✔ stage rejects mixed-source without changing current, history, or mutable Docker contexts (644.191488ms)
✔ stage rejects partial without changing current, history, or mutable Docker contexts (661.081823ms)
✔ stage rejects symlink without changing current, history, or mutable Docker contexts (702.046746ms)
✔ stage rejects extra-file without changing current, history, or mutable Docker contexts (651.092535ms)
✔ stage detects raw digest changes and refuses legacy current directories and escaped version paths (1204.050296ms)
✔ interruption kills the owned compiler, keeps other scratch/history, releases lock, and allows retry (1244.364898ms)
✔ the archive remains the compiler input during a transient edit restored before build end (602.555372ms)
✔ Docker consumer pins one version across all categories, forwards logs, and explicitly rebuilds/recreates (1981.250526ms)
✔ bundle contains only the verified selected release; runtime credentials and old contexts stay out (762.951046ms)
✔ interruption immediately before the one pointer rename preserves current and clears only its pending link (1254.096428ms)
✔ the dev/core branch preserves bundle selection and rejects a production pointer mismatch (679.129499ms)
✔ full accepts the independently declared product composition (166.631524ms)
✔ full rejects a missing wta-system (162.483514ms)
✔ full rejects a missing wta-common-notify (155.354761ms)
✔ full rejects a missing wta-common-oss (175.413845ms)
✔ full rejects a missing wta-third (168.87421ms)
✔ full rejects a missing wta-sso (200.827565ms)
✔ full rejects a missing wta-notify (203.37232ms)
✔ full rejects a missing wta-profile-person (183.785424ms)
✔ full rejects a missing wta-profile-enterprise (173.56161ms)
✔ core accepts the independently declared product composition (183.04903ms)
✔ core rejects a missing wta-system (155.131319ms)
✔ core rejects a missing wta-common-notify (162.435977ms)
✔ core rejects a missing wta-common-oss (168.345534ms)
✔ core rejects a missing wta-third (153.5479ms)
✔ core rejects a missing wta-sso (157.703491ms)
✔ core rejects a missing wta-notify (178.697885ms)
✔ core rejects a missing wta-profile-person (177.569602ms)
✔ core rejects a missing wta-profile-enterprise (182.665448ms)
✔ core rejects the excluded wta-job (181.807561ms)
✔ full requires wta-job (185.14566ms)
✔ core rejects the excluded wta-ai (192.719971ms)
✔ full requires wta-ai (170.053343ms)
✔ core rejects the excluded wta-common-ai (165.449677ms)
✔ full requires wta-common-ai (163.465474ms)
✔ core rejects the excluded wta-demo (160.500343ms)
✔ full requires wta-demo (160.829988ms)
✔ core rejects the excluded wta-workflow (185.253732ms)
✔ full requires wta-workflow (188.016669ms)
✔ a similarly prefixed library cannot impersonate a required module (183.997913ms)
✔ neither bundle may include retired vendor starters (348.594167ms)
✔ external service test images match the current deployment Compose contract (0.600968ms)
✔ network name collision does not delete containers or networks owned by another run (11.539501ms)
✔ explicit JAR verification works from an isolated directory without Git metadata (178.6336ms)
✔ external-service report gate: success (32.234837ms)
✔ external-service report gate: missing (27.350855ms)
✔ external-service report gate: stale (28.102952ms)
✔ external-service report gate: zero (27.785482ms)
✔ external-service report gate: skipped (26.241802ms)
✔ external-service report gate: failure (28.714355ms)
✔ external-service report gate: error (26.436814ms)
✔ external-service report gate: duplicate (29.108015ms)
✔ machine-local credentials are ignored and absent from the Git index (11.098212ms)
✔ the developer launcher loads the private file externally and preserves an explicit override (709.943178ms)
✔ Maven excludes private configuration and examples, including stale target files, from JARs (3061.930964ms)
[INFO] MySQL baseline verified read-only; six canonical SQL files unchanged
[INFO] MySQL baseline verified read-only; six canonical SQL files unchanged
✔ the six ordered MySQL files are non-empty UTF-8 baselines tracked by Git (14.156584ms)
✔ stage-mysql is idempotent and never rewrites the canonical SQL files (91.101686ms)
✔ release secrets and generated artifacts remain ignored (72.991286ms)
✔ NAMEWTA structure and data contracts live in the canonical 50 and 60 files (2.24409ms)
✔ backend SQL consumers use the explicit canonical baseline seam (13.177072ms)
✔ HTTP and TLS load balancers proxy the complete Nacos context path (0.856372ms)
✔ Nacos proxy keeps authentication and frame policy owned by Nacos (0.424302ms)
✔ HTTP and TLS expose the same Nacos route contract (0.31905ms)
✔ 基座只保留当前通知持久化模型，不重新创建已退役的 System 通知日志表 (1.622486ms)
✔ 公告发送范围和站内消息快照字段由唯一 MySQL 基座完整定义 (1.645062ms)
✔ 初始化公告显式面向全部用户且只选择站内渠道，不产生额外目标或外部投递 (1.045964ms)
✔ 通知渠道字典与公告可选站内信、短信、邮件合同一致 (0.333939ms)
✔ 通知菜单权限覆盖管理动作与收件箱阅读动作 (1.119842ms)
✔ 清理旧通知菜单不会删除当前通知监控路由 (0.389686ms)
✔ 常见短信和邮件预设默认停用且不携带账号凭据或隐式场景绑定 (0.717178ms)
[INFO] MySQL baseline verified read-only; six canonical SQL files unchanged
[ERROR] SQL baseline must contain exactly six ordered files
✔ deployment is split into exactly four compose categories (2.701341ms)
✔ runtime resources use the namewta prefix (0.809779ms)
✔ frontend compose provides LB, TLS profile, and independent app nginx (0.204358ms)
✔ nginx templates preserve prefix stripping and protect actuator (0.226899ms)
✔ both load balancers serve the internal no-cache maintenance page for upstream errors (0.400895ms)
✔ committed env file contains placeholders instead of runtime secrets (0.361492ms)
✔ both admin instances inherit a default-off OpenAPI secret contract (0.364141ms)
✔ MinIO stays on the last fully AGPL community release (0.182538ms)
✔ RustFS standby is pinned, profile-gated, and locally bound (0.397124ms)
✔ Nacos infrastructure is optional, pinned, authenticated, and locally bound (0.297218ms)
✔ Nacos override requires secrets and enables both admin instances after health (0.481759ms)
✔ Nacos MySQL schema is pinned and both initialization paths are idempotent (0.508105ms)
✔ existing-volume Nacos initializer rejects placeholder credentials without leaking them (14.494262ms)
✔ Nacos schema SQL is not a bash hook and compose still gates the Nacos service (0.274464ms)
✔ stage-mysql validates the canonical SQL baseline without writing it (701.540564ms)
✔ MySQL initialization targets one protected wta-plus database (0.777009ms)
✔ admin instances receive the private MinIO readiness canary contract (0.151846ms)
✔ reserved ingress routes cannot be used as an app prefix (0.361535ms)
✔ add_app.mjs registers a buildable app across compose and both LBs (370.496898ms)
✔ docker manager keeps optional service forwarding as an argument (0.309983ms)
✔ 发布资产是当前唯一的 MySQL 与工作流事实源 (9.518407ms)
✔ 当前治理声明直接维护基座并要求按标签升级已有库 (0.837251ms)
✔ CI 复用受保护初始化器并把唯一 SQL 根传给后端测试 (0.280026ms)
✔ 私密发布报告目录保持未跟踪 (6.994499ms)
✔ public entry replaces forwarding chains while internal app proxies append (1.080058ms)
✔ generated public app routes also replace client supplied XFF (0.88916ms)
✔ the six leave workflow assets are exact, parseable, and tracked (10.256887ms)
✔ KEEP third-party dromara coordinates still occur as Maven groupIds and Java imports (75.881934ms)
✔ first-party backend POM groupId is org.namewta and owned modules are wta-* (0.546161ms)
✔ product-owned upstream-fork-sync skill and docs/upstream workflow tree are absent (11.987548ms)
✔ owned filesystem paths use org/namewta not org/dromara (117.874488ms)
✔ live admin home and docs widget do not depend on dromara product URLs (0.262055ms)
✔ README clones the WTA-plus monorepo without git submodule delivery (0.203517ms)
✔ shipped Nacos runtime reads only the new data-id (hard-cut, no dual-read loader) (0.367118ms)
ℹ tests 128
ℹ suites 0
ℹ pass 128
ℹ fail 0
ℹ cancelled 0
ℹ skipped 0
ℹ todo 0
ℹ duration_ms 35950.849574
[INFO] 执行 Nginx Skill 台账检查
[INFO] 校验四类 Docker Compose
[INFO] release-artifacts 验证完成
