[INFO] 校验 Shell 语法
[INFO] 校验发布入口语法
[INFO] 校验显式 App 清单与发布配套
[INFO] explicit shipped App registration verified: admin-web, home-web, sso-web
[INFO] 执行全部发布合同测试
✔ release inventory contains the three retained Java applications (39.423399ms)
✔ new baseline keeps six SQL slots and retires vendor tables and menu seeds (4.334964ms)
✔ runtime declarations have no retired service, callback or upstream dependency (1.919425ms)
✔ every shipped App has a complete explicit release registration (55.953142ms)
✔ SSO has its own ingress and proxies the real same-origin SSO API namespace (2.640284ms)
✔ invalid release registration/config: unregistered App cannot change selected assets (970.176512ms)
✔ invalid release registration/config: unregistered Compose service cannot change selected assets (859.394511ms)
✔ invalid release registration/config: missing SSO template cannot change selected assets (1056.982373ms)
✔ invalid release registration/config: wrong template mount cannot change selected assets (960.835057ms)
✔ invalid release registration/config: wrong SSO port default cannot change selected assets (951.818381ms)
✔ invalid release registration/config: missing SSO Origin binding cannot change selected assets (828.274527ms)
✔ invalid release registration/config: missing prefix cannot change selected assets (902.884258ms)
✔ invalid release registration/config: same SSO Origin cannot change selected assets (1020.294902ms)
✔ invalid release registration/config: same SSO hostname with a different port cannot change selected assets (1053.982753ms)
✔ invalid release registration/config: production HTTP Origin cannot change selected assets (1144.048679ms)
✔ invalid release registration/config: SSO API/static prefix collision cannot change selected assets (1020.359746ms)
✔ invalid release registration/config: invalid API route cannot change selected assets (1056.254437ms)
✔ SSO registration preserves runtime configuration and is idempotent, including port changes (362.922884ms)
✔ runtime Origin changes are rejected before the selected release reaches Docker (1152.309574ms)
✔ complete CLI build proves one archived revision, leaves current unchanged, stages and restores history (1904.518307ms)
✔ dirty/untracked source and inherited ignored output cannot become a deployable release (1557.035584ms)
✔ stage rejects missing-template without changing current, history, or mutable Docker contexts (1140.014007ms)
✔ stage rejects bad-sql without changing current, history, or mutable Docker contexts (949.247136ms)
✔ stage rejects bad-jar without changing current, history, or mutable Docker contexts (1174.098489ms)
✔ stage rejects mixed-source without changing current, history, or mutable Docker contexts (1115.677245ms)
✔ stage rejects partial without changing current, history, or mutable Docker contexts (1086.848391ms)
✔ stage rejects symlink without changing current, history, or mutable Docker contexts (1217.021281ms)
✔ stage rejects extra-file without changing current, history, or mutable Docker contexts (1228.293889ms)
✔ stage detects raw digest changes and refuses legacy current directories and escaped version paths (1959.246732ms)
✔ interruption kills the owned compiler, keeps other scratch/history, releases lock, and allows retry (3481.319371ms)
✔ the archive remains the compiler input during a transient edit restored before build end (1632.207043ms)
✔ Docker consumer pins one version across all categories, forwards logs, and explicitly rebuilds/recreates (2818.325342ms)
✔ bundle contains only the verified selected release; runtime credentials and old contexts stay out (1215.689058ms)
✔ interruption immediately before the one pointer rename preserves current and clears only its pending link (1791.745272ms)
✔ the dev/core branch preserves bundle selection and rejects a production pointer mismatch (878.625457ms)
✔ full accepts the independently declared product composition (217.209121ms)
✔ full rejects a missing wta-system (238.35986ms)
✔ full rejects a missing wta-common-notify (275.563826ms)
✔ full rejects a missing wta-common-oss (241.510313ms)
✔ full rejects a missing wta-third (219.768999ms)
✔ full rejects a missing wta-sso (234.312573ms)
✔ full rejects a missing wta-notify (251.157646ms)
✔ full rejects a missing wta-profile-person (323.869593ms)
✔ full rejects a missing wta-profile-enterprise (217.745836ms)
✔ core accepts the independently declared product composition (334.604359ms)
✔ core rejects a missing wta-system (253.152421ms)
✔ core rejects a missing wta-common-notify (242.609374ms)
✔ core rejects a missing wta-common-oss (236.730378ms)
✔ core rejects a missing wta-third (214.527952ms)
✔ core rejects a missing wta-sso (236.683678ms)
✔ core rejects a missing wta-notify (268.963302ms)
✔ core rejects a missing wta-profile-person (293.761907ms)
✔ core rejects a missing wta-profile-enterprise (362.582798ms)
✔ core rejects the excluded wta-job (258.517965ms)
✔ full requires wta-job (258.731518ms)
✔ core rejects the excluded wta-ai (274.05455ms)
✔ full requires wta-ai (261.993103ms)
✔ core rejects the excluded wta-common-ai (178.255275ms)
✔ full requires wta-common-ai (171.543613ms)
✔ core rejects the excluded wta-demo (167.967089ms)
✔ full requires wta-demo (201.696749ms)
✔ core rejects the excluded wta-workflow (219.401676ms)
✔ full requires wta-workflow (198.099688ms)
✔ a similarly prefixed library cannot impersonate a required module (241.643882ms)
✔ neither bundle may include retired vendor starters (500.569549ms)
✔ external service test images match the current deployment Compose contract (1.204762ms)
✔ network name collision does not delete containers or networks owned by another run (13.917002ms)
✔ explicit JAR verification works from an isolated directory without Git metadata (186.77534ms)
✔ external-service report gate: success (35.607417ms)
✔ external-service report gate: missing (30.487884ms)
✔ external-service report gate: stale (29.731865ms)
✔ external-service report gate: zero (31.349905ms)
✔ external-service report gate: skipped (31.085585ms)
✔ external-service report gate: failure (32.724176ms)
✔ external-service report gate: error (28.693173ms)
✔ external-service report gate: duplicate (31.409164ms)
✔ machine-local credentials are ignored and absent from the Git index (10.76427ms)
✔ the developer launcher loads the private file externally and preserves an explicit override (951.185393ms)
✔ Maven excludes private configuration and examples, including stale target files, from JARs (4137.605211ms)
[INFO] MySQL baseline verified read-only; six canonical SQL files unchanged
[INFO] MySQL baseline verified read-only; six canonical SQL files unchanged
✔ the six ordered MySQL files are non-empty UTF-8 baselines tracked by Git (14.534202ms)
✔ stage-mysql is idempotent and never rewrites the canonical SQL files (106.492468ms)
✔ release secrets and generated artifacts remain ignored (75.03763ms)
✔ NAMEWTA structure and data contracts live in the canonical 50 and 60 files (2.650432ms)
✔ backend SQL consumers use the explicit canonical baseline seam (31.946665ms)
✔ HTTP and TLS load balancers proxy the complete Nacos context path (0.98756ms)
✔ Nacos proxy keeps authentication and frame policy owned by Nacos (0.45356ms)
✔ HTTP and TLS expose the same Nacos route contract (0.490981ms)
✔ 基座只保留当前通知持久化模型，不重新创建已退役的 System 通知日志表 (1.635246ms)
✔ 公告发送范围和站内消息快照字段由唯一 MySQL 基座完整定义 (1.782305ms)
✔ 初始化公告显式面向全部用户且只选择站内渠道，不产生额外目标或外部投递 (1.39845ms)
✔ 通知渠道字典与公告可选站内信、短信、邮件合同一致 (0.378336ms)
✔ 通知菜单权限覆盖管理动作与收件箱阅读动作 (0.792377ms)
✔ 清理旧通知菜单不会删除当前通知监控路由 (0.423327ms)
✔ 常见短信和邮件预设默认停用且不携带账号凭据或隐式场景绑定 (0.799554ms)
[INFO] MySQL baseline verified read-only; six canonical SQL files unchanged
[ERROR] SQL baseline must contain exactly six ordered files
✔ deployment is split into exactly four compose categories (2.728627ms)
✔ runtime resources use the namewta prefix (1.48096ms)
✔ frontend compose provides LB, TLS profile, and independent app nginx (0.278ms)
✔ nginx templates preserve prefix stripping and protect actuator (0.229185ms)
✔ both load balancers serve the internal no-cache maintenance page for upstream errors (0.490073ms)
✔ committed env file contains placeholders instead of runtime secrets (0.414799ms)
✔ both admin instances inherit a default-off OpenAPI secret contract (0.529212ms)
✔ MinIO stays on the last fully AGPL community release (0.24322ms)
✔ RustFS standby is pinned, profile-gated, and locally bound (0.409258ms)
✔ Nacos infrastructure is optional, pinned, authenticated, and locally bound (0.518087ms)
✔ Nacos override requires secrets and enables both admin instances after health (0.528708ms)
✔ Nacos MySQL schema is pinned and both initialization paths are idempotent (0.528993ms)
✔ existing-volume Nacos initializer rejects placeholder credentials without leaking them (16.806791ms)
✔ Nacos schema SQL is not a bash hook and compose still gates the Nacos service (0.347158ms)
✔ stage-mysql validates the canonical SQL baseline without writing it (1185.281258ms)
✔ MySQL initialization targets one protected wta-plus database (1.156357ms)
✔ admin instances receive the private MinIO readiness canary contract (0.20799ms)
✔ reserved ingress routes cannot be used as an app prefix (0.461775ms)
✔ add_app.mjs registers a buildable app across compose and both LBs (833.853219ms)
✔ docker manager keeps optional service forwarding as an argument (0.302439ms)
✔ 发布资产是当前唯一的 MySQL 与工作流事实源 (12.179613ms)
✔ 当前治理声明直接维护基座并要求按标签升级已有库 (2.227095ms)
✔ CI 复用受保护初始化器并把唯一 SQL 根传给后端测试 (0.709614ms)
✔ 私密发布报告目录保持未跟踪 (5.727313ms)
✔ public entry replaces forwarding chains while internal app proxies append (0.945379ms)
✔ generated public app routes also replace client supplied XFF (0.815153ms)
✔ the six leave workflow assets are exact, parseable, and tracked (9.669887ms)
✔ KEEP third-party dromara coordinates still occur as Maven groupIds and Java imports (468.198882ms)
✔ first-party backend POM groupId is org.namewta and owned modules are wta-* (0.735185ms)
✔ product-owned upstream-fork-sync skill and docs/upstream workflow tree are absent (54.616061ms)
✔ owned filesystem paths use org/namewta not org/dromara (337.875896ms)
✔ live admin home and docs widget do not depend on dromara product URLs (0.435035ms)
✔ README clones the WTA-plus monorepo without git submodule delivery (0.276777ms)
✔ shipped Nacos runtime reads only the new data-id (hard-cut, no dual-read loader) (0.374708ms)
ℹ tests 128
ℹ suites 0
ℹ pass 128
ℹ fail 0
ℹ cancelled 0
ℹ skipped 0
ℹ todo 0
ℹ duration_ms 55746.732422
[INFO] 执行 Nginx Skill 台账检查
[INFO] 校验四类 Docker Compose
[INFO] release-artifacts 验证完成
