[INFO] 校验 Shell 语法
[INFO] 校验发布入口语法
[INFO] 校验显式 App 清单与发布配套
[INFO] explicit shipped App registration verified: admin-web, home-web, sso-web
[INFO] 执行全部发布合同测试
✔ release inventory contains the three retained Java applications (46.816488ms)
✔ new baseline keeps six SQL slots and retires vendor tables and menu seeds (3.51431ms)
✔ runtime declarations have no retired service, callback or upstream dependency (12.641108ms)
✔ every shipped App has a complete explicit release registration (61.751402ms)
✔ SSO has its own ingress and proxies the real same-origin SSO API namespace (2.259371ms)
✔ invalid release registration/config: unregistered App cannot change selected assets (1128.384983ms)
✔ invalid release registration/config: unregistered Compose service cannot change selected assets (947.711581ms)
✔ invalid release registration/config: missing SSO template cannot change selected assets (934.405644ms)
✔ invalid release registration/config: wrong template mount cannot change selected assets (1077.107701ms)
✔ invalid release registration/config: wrong SSO port default cannot change selected assets (974.182004ms)
✔ invalid release registration/config: missing SSO Origin binding cannot change selected assets (1093.567593ms)
✔ invalid release registration/config: missing prefix cannot change selected assets (1006.050853ms)
✔ invalid release registration/config: same SSO Origin cannot change selected assets (1255.104727ms)
✔ invalid release registration/config: same SSO hostname with a different port cannot change selected assets (966.510591ms)
✔ invalid release registration/config: production HTTP Origin cannot change selected assets (1061.607806ms)
✔ invalid release registration/config: SSO API/static prefix collision cannot change selected assets (1054.452637ms)
✔ invalid release registration/config: invalid API route cannot change selected assets (1420.734887ms)
✔ SSO registration preserves runtime configuration and is idempotent, including port changes (383.733484ms)
✔ runtime Origin changes are rejected before the selected release reaches Docker (1191.736339ms)
✔ complete CLI build proves one archived revision, leaves current unchanged, stages and restores history (1800.608159ms)
✔ dirty/untracked source and inherited ignored output cannot become a deployable release (1379.590261ms)
✔ stage rejects missing-template without changing current, history, or mutable Docker contexts (1036.284002ms)
✔ stage rejects bad-sql without changing current, history, or mutable Docker contexts (1079.173338ms)
✔ stage rejects bad-jar without changing current, history, or mutable Docker contexts (883.335919ms)
✔ stage rejects mixed-source without changing current, history, or mutable Docker contexts (934.167358ms)
✔ stage rejects partial without changing current, history, or mutable Docker contexts (1001.878111ms)
✔ stage rejects symlink without changing current, history, or mutable Docker contexts (1036.128448ms)
✔ stage rejects extra-file without changing current, history, or mutable Docker contexts (1245.719268ms)
✔ stage detects raw digest changes and refuses legacy current directories and escaped version paths (1698.605628ms)
✔ interruption kills the owned compiler, keeps other scratch/history, releases lock, and allows retry (2074.097791ms)
✔ the archive remains the compiler input during a transient edit restored before build end (836.353476ms)
✔ Docker consumer pins one version across all categories, forwards logs, and explicitly rebuilds/recreates (3032.729079ms)
✔ bundle contains only the verified selected release; runtime credentials and old contexts stay out (1089.909763ms)
✔ interruption immediately before the one pointer rename preserves current and clears only its pending link (2069.753846ms)
✔ the dev/core branch preserves bundle selection and rejects a production pointer mismatch (867.313486ms)
✔ full accepts the independently declared product composition (276.826562ms)
✔ full rejects a missing wta-system (296.082534ms)
✔ full rejects a missing wta-common-notify (318.670497ms)
✔ full rejects a missing wta-common-oss (257.720142ms)
✔ full rejects a missing wta-third (307.691498ms)
✔ full rejects a missing wta-sso (258.889888ms)
✔ full rejects a missing wta-notify (269.695377ms)
✔ full rejects a missing wta-profile-person (250.612864ms)
✔ full rejects a missing wta-profile-enterprise (246.677223ms)
✔ core accepts the independently declared product composition (293.885732ms)
✔ core rejects a missing wta-system (325.862823ms)
✔ core rejects a missing wta-common-notify (280.057885ms)
✔ core rejects a missing wta-common-oss (333.3842ms)
✔ core rejects a missing wta-third (279.361644ms)
✔ core rejects a missing wta-sso (297.615618ms)
✔ core rejects a missing wta-notify (298.585997ms)
✔ core rejects a missing wta-profile-person (300.193098ms)
✔ core rejects a missing wta-profile-enterprise (342.318969ms)
✔ core rejects the excluded wta-job (301.777085ms)
✔ full requires wta-job (231.045565ms)
✔ core rejects the excluded wta-ai (229.015861ms)
✔ full requires wta-ai (206.309123ms)
✔ core rejects the excluded wta-common-ai (194.464036ms)
✔ full requires wta-common-ai (202.252468ms)
✔ core rejects the excluded wta-demo (195.035883ms)
✔ full requires wta-demo (180.452205ms)
✔ core rejects the excluded wta-workflow (192.171806ms)
✔ full requires wta-workflow (212.362427ms)
✔ a similarly prefixed library cannot impersonate a required module (209.102072ms)
✔ neither bundle may include retired vendor starters (330.811856ms)
✔ external service test images match the current deployment Compose contract (0.853012ms)
✔ network name collision does not delete containers or networks owned by another run (10.63819ms)
✔ explicit JAR verification works from an isolated directory without Git metadata (156.432362ms)
✔ external-service report gate: success (32.646682ms)
✔ external-service report gate: missing (29.312694ms)
✔ external-service report gate: stale (26.955233ms)
✔ external-service report gate: zero (25.791763ms)
✔ external-service report gate: skipped (28.378644ms)
✔ external-service report gate: failure (31.207492ms)
✔ external-service report gate: error (32.862651ms)
✔ external-service report gate: duplicate (29.705335ms)
✔ machine-local credentials are ignored and absent from the Git index (10.840646ms)
✔ the developer launcher loads the private file externally and preserves an explicit override (879.890369ms)
✔ Maven excludes private configuration and examples, including stale target files, from JARs (5932.936367ms)
[INFO] MySQL baseline verified read-only; six canonical SQL files unchanged
[INFO] MySQL baseline verified read-only; six canonical SQL files unchanged
✔ the six ordered MySQL files are non-empty UTF-8 baselines tracked by Git (13.717917ms)
✔ stage-mysql is idempotent and never rewrites the canonical SQL files (116.400254ms)
✔ release secrets and generated artifacts remain ignored (94.579525ms)
✔ NAMEWTA structure and data contracts live in the canonical 50 and 60 files (2.411631ms)
✔ backend SQL consumers use the explicit canonical baseline seam (13.792778ms)
✔ HTTP and TLS load balancers proxy the complete Nacos context path (0.938958ms)
✔ Nacos proxy keeps authentication and frame policy owned by Nacos (0.42941ms)
✔ HTTP and TLS expose the same Nacos route contract (0.26074ms)
✔ 基座只保留当前通知持久化模型，不重新创建已退役的 System 通知日志表 (1.702242ms)
✔ 公告发送范围和站内消息快照字段由唯一 MySQL 基座完整定义 (1.677603ms)
✔ 初始化公告显式面向全部用户且只选择站内渠道，不产生额外目标或外部投递 (1.063701ms)
✔ 通知渠道字典与公告可选站内信、短信、邮件合同一致 (0.35264ms)
✔ 通知菜单权限覆盖管理动作与收件箱阅读动作 (0.977367ms)
✔ 清理旧通知菜单不会删除当前通知监控路由 (0.381979ms)
✔ 常见短信和邮件预设默认停用且不携带账号凭据或隐式场景绑定 (0.878381ms)
[INFO] MySQL baseline verified read-only; six canonical SQL files unchanged
[ERROR] SQL baseline must contain exactly six ordered files
✔ deployment is split into exactly four compose categories (2.289561ms)
✔ runtime resources use the namewta prefix (0.804114ms)
✔ frontend compose provides LB, TLS profile, and independent app nginx (0.226362ms)
✔ nginx templates preserve prefix stripping and protect actuator (0.200055ms)
✔ both load balancers serve the internal no-cache maintenance page for upstream errors (0.54272ms)
✔ committed env file contains placeholders instead of runtime secrets (0.405531ms)
✔ both admin instances inherit a default-off OpenAPI secret contract (0.390773ms)
✔ MinIO stays on the last fully AGPL community release (0.182444ms)
✔ RustFS standby is pinned, profile-gated, and locally bound (0.384982ms)
✔ Nacos infrastructure is optional, pinned, authenticated, and locally bound (0.351628ms)
✔ Nacos override requires secrets and enables both admin instances after health (0.502036ms)
✔ Nacos MySQL schema is pinned and both initialization paths are idempotent (0.467592ms)
✔ existing-volume Nacos initializer rejects placeholder credentials without leaking them (14.909024ms)
✔ Nacos schema SQL is not a bash hook and compose still gates the Nacos service (0.274029ms)
✔ stage-mysql validates the canonical SQL baseline without writing it (9214.616657ms)
✔ MySQL initialization targets one protected wta-plus database (0.966755ms)
✔ admin instances receive the private MinIO readiness canary contract (0.338809ms)
✔ reserved ingress routes cannot be used as an app prefix (0.834089ms)
✔ add_app.mjs registers a buildable app across compose and both LBs (1045.05921ms)
✔ docker manager keeps optional service forwarding as an argument (0.298494ms)
✔ 发布资产是当前唯一的 MySQL 与工作流事实源 (11.598572ms)
✔ 当前治理声明直接维护基座并要求按标签升级已有库 (1.293116ms)
✔ CI 复用受保护初始化器并把唯一 SQL 根传给后端测试 (0.463186ms)
✔ 私密发布报告目录保持未跟踪 (7.656679ms)
✔ public entry replaces forwarding chains while internal app proxies append (0.971405ms)
✔ generated public app routes also replace client supplied XFF (0.872308ms)
✔ the six leave workflow assets are exact, parseable, and tracked (11.710354ms)
✔ KEEP third-party dromara coordinates still occur as Maven groupIds and Java imports (270.333248ms)
✔ first-party backend POM groupId is org.namewta and owned modules are wta-* (0.695621ms)
✔ product-owned upstream-fork-sync skill and docs/upstream workflow tree are absent (21.446527ms)
✔ owned filesystem paths use org/namewta not org/dromara (1056.854727ms)
✔ live admin home and docs widget do not depend on dromara product URLs (0.311181ms)
✔ README clones the WTA-plus monorepo without git submodule delivery (0.216885ms)
✔ shipped Nacos runtime reads only the new data-id (hard-cut, no dual-read loader) (0.588038ms)
ℹ tests 128
ℹ suites 0
ℹ pass 128
ℹ fail 0
ℹ cancelled 0
ℹ skipped 0
ℹ todo 0
ℹ duration_ms 64607.679845
[INFO] 执行 Nginx Skill 台账检查
[INFO] 校验四类 Docker Compose
[INFO] release-artifacts 验证完成
