✖ machine-local credentials are ignored and absent from the Git index (6.475088ms)
ℹ tests 1
ℹ suites 0
ℹ pass 0
ℹ fail 1
ℹ cancelled 0
ℹ skipped 0
ℹ todo 0
ℹ duration_ms 57.430136

✖ failing tests:

test at release-artifacts/tests/local-config-safety.test.mjs:10:1
✖ machine-local credentials are ignored and absent from the Git index (6.475088ms)
  AssertionError [ERR_ASSERTION]: the private local configuration must not be tracked
  + actual - expected
  
  + 'backend/wta-admin/src/main/resources/application-local.yml'
  - ''
  
      at TestContext.<anonymous> (file:///srv/WTA-plus/release-artifacts/tests/local-config-safety.test.mjs:12:10)
      at Test.runInAsyncScope (node:async_hooks:227:14)
      at Test.run (node:internal/test_runner/test:1402:25)
      at Test.start (node:internal/test_runner/test:1262:17)
      at startSubtestAfterBootstrap (node:internal/test_runner/harness:387:17) {
    generatedMessage: false,
    code: 'ERR_ASSERTION',
    actual: 'backend/wta-admin/src/main/resources/application-local.yml',
    expected: '',
    operator: 'strictEqual',
    diff: 'simple'
  }
