[INFO] 校验 Shell 语法
[INFO] 校验发布入口语法
[INFO] 校验显式 App 清单与发布配套
[INFO] explicit shipped App registration verified: admin-web, home-web, sso-web
[INFO] 执行全部发布合同测试
✔ release inventory contains the three retained Java applications (43.604935ms)
✔ new baseline keeps six SQL slots and retires vendor tables and menu seeds (2.097839ms)
✔ runtime declarations have no retired service, callback or upstream dependency (1.261004ms)
✔ every shipped App has a complete explicit release registration (51.268049ms)
✔ SSO has its own ingress and proxies the real same-origin SSO API namespace (1.584196ms)
✔ invalid release registration/config: unregistered App cannot change selected assets (871.193848ms)
✔ invalid release registration/config: unregistered Compose service cannot change selected assets (988.232582ms)
✔ invalid release registration/config: missing SSO template cannot change selected assets (825.45403ms)
✔ invalid release registration/config: wrong template mount cannot change selected assets (732.945799ms)
✔ invalid release registration/config: wrong SSO port default cannot change selected assets (720.435842ms)
✔ invalid release registration/config: missing SSO Origin binding cannot change selected assets (762.706844ms)
✔ invalid release registration/config: missing prefix cannot change selected assets (768.092542ms)
✔ invalid release registration/config: same SSO Origin cannot change selected assets (719.868949ms)
✔ invalid release registration/config: same SSO hostname with a different port cannot change selected assets (702.022077ms)
✔ invalid release registration/config: production HTTP Origin cannot change selected assets (706.293084ms)
✔ invalid release registration/config: SSO API/static prefix collision cannot change selected assets (786.482463ms)
✔ invalid release registration/config: invalid API route cannot change selected assets (724.768672ms)
✔ SSO registration preserves runtime configuration and is idempotent, including port changes (205.420892ms)
✔ runtime Origin changes are rejected before the selected release reaches Docker (687.070761ms)
✔ complete CLI build proves one archived revision, leaves current unchanged, stages and restores history (1413.659628ms)
✔ dirty/untracked source and inherited ignored output cannot become a deployable release (957.010983ms)
✔ stage rejects missing-template without changing current, history, or mutable Docker contexts (758.94721ms)
✔ stage rejects bad-sql without changing current, history, or mutable Docker contexts (714.768368ms)
✔ stage rejects bad-jar without changing current, history, or mutable Docker contexts (723.228343ms)
✔ stage rejects mixed-source without changing current, history, or mutable Docker contexts (768.53517ms)
✔ stage rejects partial without changing current, history, or mutable Docker contexts (697.793103ms)
✔ stage rejects symlink without changing current, history, or mutable Docker contexts (765.245185ms)
✔ stage rejects extra-file without changing current, history, or mutable Docker contexts (747.92716ms)
✔ stage detects raw digest changes and refuses legacy current directories and escaped version paths (1246.951786ms)
✔ interruption kills the owned compiler, keeps other scratch/history, releases lock, and allows retry (1330.537805ms)
✔ the archive remains the compiler input during a transient edit restored before build end (627.836625ms)
✔ Docker consumer pins one version across all categories, forwards logs, and explicitly rebuilds/recreates (2078.92315ms)
✔ bundle contains only the verified selected release; runtime credentials and old contexts stay out (754.003688ms)
✔ interruption immediately before the one pointer rename preserves current and clears only its pending link (1300.262989ms)
✔ the dev/core branch preserves bundle selection and rejects a production pointer mismatch (725.352649ms)
✔ full accepts the independently declared product composition (183.481134ms)
✔ full rejects a missing wta-system (189.807212ms)
✔ full rejects a missing wta-common-notify (169.701485ms)
✔ full rejects a missing wta-common-oss (155.780763ms)
✔ full rejects a missing wta-third (161.840264ms)
✔ full rejects a missing wta-sso (184.347302ms)
✔ full rejects a missing wta-notify (183.606039ms)
✔ full rejects a missing wta-profile-person (166.975074ms)
✔ full rejects a missing wta-profile-enterprise (173.024845ms)
✔ core accepts the independently declared product composition (177.033379ms)
✔ core rejects a missing wta-system (149.403886ms)
✔ core rejects a missing wta-common-notify (163.062897ms)
✔ core rejects a missing wta-common-oss (167.082161ms)
✔ core rejects a missing wta-third (161.927884ms)
✔ core rejects a missing wta-sso (165.269013ms)
✔ core rejects a missing wta-notify (177.555685ms)
✔ core rejects a missing wta-profile-person (189.766843ms)
✔ core rejects a missing wta-profile-enterprise (199.659191ms)
✔ core rejects the excluded wta-job (191.643398ms)
✔ full requires wta-job (186.349958ms)
✔ core rejects the excluded wta-ai (180.04617ms)
✔ full requires wta-ai (182.861552ms)
✔ core rejects the excluded wta-common-ai (165.583514ms)
✔ full requires wta-common-ai (173.733666ms)
✔ core rejects the excluded wta-demo (183.602769ms)
✔ full requires wta-demo (184.22687ms)
✔ core rejects the excluded wta-workflow (166.151461ms)
✔ full requires wta-workflow (157.605885ms)
✔ a similarly prefixed library cannot impersonate a required module (161.655297ms)
✔ neither bundle may include retired vendor starters (355.273138ms)
✔ external service test images match the current deployment Compose contract (0.495392ms)
✔ network name collision does not delete containers or networks owned by another run (11.097763ms)
✔ explicit JAR verification works from an isolated directory without Git metadata (167.780482ms)
✔ external-service report gate: success (35.488721ms)
✔ external-service report gate: missing (32.138023ms)
✔ external-service report gate: stale (30.575144ms)
✔ external-service report gate: zero (28.445256ms)
✔ external-service report gate: skipped (28.337839ms)
✔ external-service report gate: failure (29.832957ms)
✔ external-service report gate: error (28.536348ms)
✔ external-service report gate: duplicate (26.327393ms)
✔ machine-local credentials are ignored and absent from the Git index (9.192526ms)
✔ the developer launcher loads the private file externally and preserves an explicit override (869.746526ms)
✔ Maven excludes private configuration and examples, including stale target files, from JARs (3360.479635ms)
[INFO] MySQL baseline verified read-only; six canonical SQL files unchanged
[INFO] MySQL baseline verified read-only; six canonical SQL files unchanged
✔ the six ordered MySQL files are non-empty UTF-8 baselines tracked by Git (10.418055ms)
✔ stage-mysql is idempotent and never rewrites the canonical SQL files (111.469031ms)
✔ release secrets and generated artifacts remain ignored (62.751959ms)
✔ NAMEWTA structure and data contracts live in the canonical 50 and 60 files (3.521093ms)
✔ backend SQL consumers use the explicit canonical baseline seam (12.165385ms)
✔ HTTP and TLS load balancers proxy the complete Nacos context path (1.114785ms)
✔ Nacos proxy keeps authentication and frame policy owned by Nacos (0.529607ms)
✔ HTTP and TLS expose the same Nacos route contract (0.328122ms)
✔ 基座只保留当前通知持久化模型，不重新创建已退役的 System 通知日志表 (2.109235ms)
✔ 公告发送范围和站内消息快照字段由唯一 MySQL 基座完整定义 (1.972593ms)
✔ 初始化公告显式面向全部用户且只选择站内渠道，不产生额外目标或外部投递 (1.334727ms)
✔ 通知渠道字典与公告可选站内信、短信、邮件合同一致 (0.473948ms)
✔ 通知菜单权限覆盖管理动作与收件箱阅读动作 (1.467006ms)
✔ 清理旧通知菜单不会删除当前通知监控路由 (0.604742ms)
✔ 常见短信和邮件预设默认停用且不携带账号凭据或隐式场景绑定 (0.859902ms)
[INFO] MySQL baseline verified read-only; six canonical SQL files unchanged
[ERROR] SQL baseline must contain exactly six ordered files
✔ deployment is split into exactly four compose categories (2.665454ms)
✔ runtime resources use the namewta prefix (0.930983ms)
✔ frontend compose provides LB, TLS profile, and independent app nginx (0.215242ms)
✔ nginx templates preserve prefix stripping and protect actuator (0.249807ms)
✔ both load balancers serve the internal no-cache maintenance page for upstream errors (0.504261ms)
✔ committed env file contains placeholders instead of runtime secrets (0.386811ms)
✔ both admin instances inherit a default-off OpenAPI secret contract (0.402229ms)
✔ MinIO stays on the last fully AGPL community release (0.225046ms)
✔ RustFS standby is pinned, profile-gated, and locally bound (0.431809ms)
✔ Nacos infrastructure is optional, pinned, authenticated, and locally bound (3.877198ms)
✔ Nacos override requires secrets and enables both admin instances after health (0.996284ms)
✔ Nacos MySQL schema is pinned and both initialization paths are idempotent (0.710777ms)
✔ existing-volume Nacos initializer rejects placeholder credentials without leaking them (19.690359ms)
✔ Nacos schema SQL is not a bash hook and compose still gates the Nacos service (0.416089ms)
✔ stage-mysql validates the canonical SQL baseline without writing it (875.990221ms)
✔ MySQL initialization targets one protected wta-plus database (0.875965ms)
✔ admin instances receive the private MinIO readiness canary contract (0.164537ms)
✔ reserved ingress routes cannot be used as an app prefix (0.340625ms)
✔ add_app.mjs registers a buildable app across compose and both LBs (300.105945ms)
✔ docker manager keeps optional service forwarding as an argument (0.259188ms)
✔ 发布资产是当前唯一的 MySQL 与工作流事实源 (7.607471ms)
✔ 当前治理声明直接维护基座并要求按标签升级已有库 (0.758491ms)
✔ CI 复用受保护初始化器并把唯一 SQL 根传给后端测试 (0.264641ms)
✔ 私密发布报告目录保持未跟踪 (4.563726ms)
✔ public entry replaces forwarding chains while internal app proxies append (1.466284ms)
✔ generated public app routes also replace client supplied XFF (0.861125ms)
✔ the six leave workflow assets are exact, parseable, and tracked (8.187435ms)
✔ KEEP third-party dromara coordinates still occur as Maven groupIds and Java imports (78.768801ms)
✔ first-party backend POM groupId is org.namewta and owned modules are wta-* (0.469691ms)
✔ product-owned upstream-fork-sync skill and docs/upstream workflow tree are absent (9.270861ms)
✔ owned filesystem paths use org/namewta not org/dromara (119.922327ms)
✔ live admin home and docs widget do not depend on dromara product URLs (0.310697ms)
✔ README clones the WTA-plus monorepo without git submodule delivery (0.291313ms)
✔ shipped Nacos runtime reads only the new data-id (hard-cut, no dual-read loader) (0.381925ms)
ℹ tests 128
ℹ suites 0
ℹ pass 128
ℹ fail 0
ℹ cancelled 0
ℹ skipped 0
ℹ todo 0
ℹ duration_ms 38401.250753
[INFO] 执行 Nginx Skill 台账检查
[INFO] 校验四类 Docker Compose
[INFO] release-artifacts 验证完成
