[ERROR] COMPILATION ERROR : 
[ERROR] /srv/WTA-plus/backend/wta-admin/src/test/java/org/namewta/test/contracts/CrudHttpDispatchIntegrationTest.java:[30,39] package org.namewta.workflow.controller does not exist
[ERROR] /srv/WTA-plus/backend/wta-admin/src/test/java/org/namewta/test/contracts/CrudHttpDispatchIntegrationTest.java:[31,38] package org.namewta.workflow.domain.bo does not exist
[ERROR] /srv/WTA-plus/backend/wta-admin/src/test/java/org/namewta/test/contracts/CrudHttpDispatchIntegrationTest.java:[32,36] package org.namewta.workflow.service does not exist
[ERROR] /srv/WTA-plus/backend/wta-admin/src/test/java/org/namewta/test/contracts/CrudMySqlHttpIntegrationTest.java:[42,35] package org.namewta.demo.controller does not exist
[ERROR] /srv/WTA-plus/backend/wta-admin/src/test/java/org/namewta/test/contracts/CrudMySqlHttpIntegrationTest.java:[43,35] package org.namewta.demo.controller does not exist
[ERROR] /srv/WTA-plus/backend/wta-admin/src/test/java/org/namewta/test/contracts/CrudMySqlHttpIntegrationTest.java:[44,31] package org.namewta.demo.mapper does not exist
[ERROR] /srv/WTA-plus/backend/wta-admin/src/test/java/org/namewta/test/contracts/CrudMySqlHttpIntegrationTest.java:[45,31] package org.namewta.demo.mapper does not exist
[ERROR] /srv/WTA-plus/backend/wta-admin/src/test/java/org/namewta/test/contracts/CrudMySqlHttpIntegrationTest.java:[46,37] package org.namewta.demo.service.impl does not exist
[ERROR] /srv/WTA-plus/backend/wta-admin/src/test/java/org/namewta/test/contracts/CrudMySqlHttpIntegrationTest.java:[47,37] package org.namewta.demo.service.impl does not exist
[ERROR] /srv/WTA-plus/backend/wta-admin/src/test/java/org/namewta/test/contracts/CrudMySqlHttpIntegrationTest.java:[56,39] package org.namewta.workflow.controller does not exist
[ERROR] /srv/WTA-plus/backend/wta-admin/src/test/java/org/namewta/test/contracts/CrudMySqlHttpIntegrationTest.java:[57,35] package org.namewta.workflow.mapper does not exist
[ERROR] /srv/WTA-plus/backend/wta-admin/src/test/java/org/namewta/test/contracts/CrudMySqlHttpIntegrationTest.java:[58,41] package org.namewta.workflow.service.impl does not exist
[ERROR] /srv/WTA-plus/backend/wta-admin/src/test/java/org/namewta/test/contracts/DemoTreeMySqlIntegrationTest.java:[23,34] package org.namewta.demo.domain.bo does not exist
[ERROR] /srv/WTA-plus/backend/wta-admin/src/test/java/org/namewta/test/contracts/DemoTreeMySqlIntegrationTest.java:[24,31] package org.namewta.demo.mapper does not exist
[ERROR] /srv/WTA-plus/backend/wta-admin/src/test/java/org/namewta/test/contracts/DemoTreeMySqlIntegrationTest.java:[25,37] package org.namewta.demo.service.impl does not exist
[ERROR] /srv/WTA-plus/backend/wta-admin/src/test/java/org/namewta/test/contracts/DemoTreeMySqlIntegrationTest.java:[52,13] cannot find symbol
  symbol:   class TestTreeServiceImpl
  location: class org.namewta.test.contracts.DemoTreeMySqlIntegrationTest
[ERROR] /srv/WTA-plus/backend/wta-admin/src/test/java/org/namewta/test/contracts/DemoTreeMySqlIntegrationTest.java:[300,20] cannot find symbol
  symbol:   class TestTreeBo
  location: class org.namewta.test.contracts.DemoTreeMySqlIntegrationTest
[ERROR] /srv/WTA-plus/backend/wta-admin/src/test/java/org/namewta/test/notify/caller/DemoNotifyCallerUnitTest.java:[4,35] package org.namewta.demo.controller does not exist
[ERROR] /srv/WTA-plus/backend/wta-admin/src/test/java/org/namewta/test/notify/caller/DemoNotifyCallerUnitTest.java:[5,35] package org.namewta.demo.controller does not exist
[ERROR] /srv/WTA-plus/backend/wta-admin/src/test/java/org/namewta/test/notify/caller/WorkflowNotifyCallerUnitTest.java:[8,41] package org.namewta.workflow.service.impl does not exist
[ERROR] /srv/WTA-plus/backend/wta-admin/src/test/java/org/namewta/test/notify/caller/WorkflowNotifyCallerUnitTest.java:[9,41] package org.namewta.workflow.service.impl does not exist
[ERROR] /srv/WTA-plus/backend/wta-admin/src/test/java/org/namewta/test/oss/owner/workflow/WorkflowHistoryOssOwnerUnitTest.java:[5,40] package org.dromara.warm.flow.orm.entity does not exist
[ERROR] /srv/WTA-plus/backend/wta-admin/src/test/java/org/namewta/test/oss/owner/workflow/WorkflowHistoryOssOwnerUnitTest.java:[6,40] package org.dromara.warm.flow.orm.mapper does not exist
[ERROR] /srv/WTA-plus/backend/wta-admin/src/test/java/org/namewta/test/oss/owner/workflow/WorkflowHistoryOssOwnerUnitTest.java:[7,38] package org.namewta.workflow.domain.bo does not exist
[ERROR] /srv/WTA-plus/backend/wta-admin/src/test/java/org/namewta/test/oss/owner/workflow/WorkflowHistoryOssOwnerUnitTest.java:[8,38] package org.namewta.workflow.domain.bo does not exist
[ERROR] /srv/WTA-plus/backend/wta-admin/src/test/java/org/namewta/test/oss/owner/workflow/WorkflowHistoryOssOwnerUnitTest.java:[9,32] package org.namewta.workflow.oss does not exist
[ERROR] /srv/WTA-plus/backend/wta-admin/src/test/java/org/namewta/test/oss/owner/workflow/WorkflowHistoryOssOwnerUnitTest.java:[10,41] package org.namewta.workflow.service.impl does not exist
[ERROR] /srv/WTA-plus/backend/wta-admin/src/test/java/org/namewta/test/oss/owner/workflow/WorkflowHistoryOssOwnerUnitTest.java:[11,41] package org.namewta.workflow.service.impl does not exist
[ERROR] /srv/WTA-plus/backend/wta-admin/src/test/java/org/namewta/test/oss/owner/workflow/WorkflowHistoryOssOwnerUnitTest.java:[130,13] cannot find symbol
  symbol:   class FlowHisTask
  location: class org.namewta.test.oss.owner.workflow.WorkflowHistoryOssOwnerUnitTest
[ERROR] /srv/WTA-plus/backend/wta-admin/src/test/java/org/namewta/test/profile/contract/WorkflowGlobalListenerContractTest.java:[5,38] package org.dromara.warm.flow.core.dto does not exist
[ERROR] /srv/WTA-plus/backend/wta-admin/src/test/java/org/namewta/test/profile/contract/WorkflowGlobalListenerContractTest.java:[6,41] package org.dromara.warm.flow.core.entity does not exist
[ERROR] /srv/WTA-plus/backend/wta-admin/src/test/java/org/namewta/test/profile/contract/WorkflowGlobalListenerContractTest.java:[7,41] package org.dromara.warm.flow.core.entity does not exist
[ERROR] /srv/WTA-plus/backend/wta-admin/src/test/java/org/namewta/test/profile/contract/WorkflowGlobalListenerContractTest.java:[8,43] package org.dromara.warm.flow.core.listener does not exist
[ERROR] /srv/WTA-plus/backend/wta-admin/src/test/java/org/namewta/test/profile/contract/WorkflowGlobalListenerContractTest.java:[9,41] package org.namewta.workflow.common.enums does not exist
[ERROR] /srv/WTA-plus/backend/wta-admin/src/test/java/org/namewta/test/profile/contract/WorkflowGlobalListenerContractTest.java:[10,36] package org.namewta.workflow.handler does not exist
[ERROR] /srv/WTA-plus/backend/wta-admin/src/test/java/org/namewta/test/profile/contract/WorkflowGlobalListenerContractTest.java:[11,37] package org.namewta.workflow.listener does not exist
[ERROR] /srv/WTA-plus/backend/wta-admin/src/test/java/org/namewta/test/profile/contract/WorkflowGlobalListenerContractTest.java:[12,36] package org.namewta.workflow.service does not exist
[ERROR] /srv/WTA-plus/backend/wta-admin/src/test/java/org/namewta/test/profile/contract/WorkflowGlobalListenerContractTest.java:[13,36] package org.namewta.workflow.service does not exist
[ERROR] /srv/WTA-plus/backend/wta-admin/src/test/java/org/namewta/test/profile/contract/WorkflowGlobalListenerContractTest.java:[14,36] package org.namewta.workflow.service does not exist
[ERROR] /srv/WTA-plus/backend/wta-admin/src/test/java/org/namewta/test/profile/contract/WorkflowGlobalListenerContractTest.java:[15,36] package org.namewta.workflow.service does not exist
[ERROR] /srv/WTA-plus/backend/wta-admin/src/test/java/org/namewta/test/profile/contract/WorkflowTerminationContractTest.java:[6,38] package org.dromara.warm.flow.core.dto does not exist
[ERROR] /srv/WTA-plus/backend/wta-admin/src/test/java/org/namewta/test/profile/contract/WorkflowTerminationContractTest.java:[7,42] package org.dromara.warm.flow.core.service does not exist
[ERROR] /srv/WTA-plus/backend/wta-admin/src/test/java/org/namewta/test/profile/contract/WorkflowTerminationContractTest.java:[8,40] package org.dromara.warm.flow.orm.entity does not exist
[ERROR] /srv/WTA-plus/backend/wta-admin/src/test/java/org/namewta/test/profile/contract/WorkflowTerminationContractTest.java:[10,41] package org.namewta.workflow.common.enums does not exist
[ERROR] /srv/WTA-plus/backend/wta-admin/src/test/java/org/namewta/test/profile/contract/WorkflowTerminationContractTest.java:[11,36] package org.namewta.workflow.service does not exist
[ERROR] /srv/WTA-plus/backend/wta-admin/src/test/java/org/namewta/test/profile/contract/WorkflowTerminationContractTest.java:[12,36] package org.namewta.workflow.service does not exist
[ERROR] /srv/WTA-plus/backend/wta-admin/src/test/java/org/namewta/test/profile/contract/WorkflowTerminationContractTest.java:[13,41] package org.namewta.workflow.service.impl does not exist
[ERROR] /srv/WTA-plus/backend/wta-admin/src/test/java/org/namewta/test/profile/contract/WorkflowTerminationContractTest.java:[107,20] cannot find symbol
  symbol:   class FlowInstance
  location: class org.namewta.test.profile.contract.WorkflowTerminationContractTest
[ERROR] /srv/WTA-plus/backend/wta-admin/src/test/java/org/namewta/test/workflow/WorkflowTaskEngineIntegrationTest.java:[21,39] package com.yomahub.liteflow.builder.el does not exist
[ERROR] /srv/WTA-plus/backend/wta-admin/src/test/java/org/namewta/test/workflow/WorkflowTaskEngineIntegrationTest.java:[22,33] package com.yomahub.liteflow.core does not exist
[ERROR] /srv/WTA-plus/backend/wta-admin/src/test/java/org/namewta/test/workflow/WorkflowTaskEngineIntegrationTest.java:[23,33] package com.yomahub.liteflow.flow does not exist
[ERROR] /srv/WTA-plus/backend/wta-admin/src/test/java/org/namewta/test/workflow/WorkflowTaskEngineIntegrationTest.java:[24,37] package com.yomahub.liteflow.property does not exist
[ERROR] /srv/WTA-plus/backend/wta-admin/src/test/java/org/namewta/test/workflow/WorkflowTaskEngineIntegrationTest.java:[26,45] package org.namewta.common.liteflow.component does not exist
[ERROR] /srv/WTA-plus/backend/wta-admin/src/test/java/org/namewta/test/workflow/WorkflowTaskEngineIntegrationTest.java:[27,38] package org.namewta.workflow.domain.bo does not exist
[ERROR] /srv/WTA-plus/backend/wta-admin/src/test/java/org/namewta/test/workflow/WorkflowTaskEngineIntegrationTest.java:[41,34] package org.dromara.warm.flow.core does not exist
[ERROR] /srv/WTA-plus/backend/wta-admin/src/test/java/org/namewta/test/workflow/WorkflowTaskEngineIntegrationTest.java:[42,41] package org.dromara.warm.flow.core.config does not exist
[ERROR] /srv/WTA-plus/backend/wta-admin/src/test/java/org/namewta/test/workflow/WorkflowTaskEngineIntegrationTest.java:[43,38] package org.dromara.warm.flow.core.dto does not exist
[ERROR] /srv/WTA-plus/backend/wta-admin/src/test/java/org/namewta/test/workflow/WorkflowTaskEngineIntegrationTest.java:[44,41] package org.dromara.warm.flow.core.entity does not exist
[ERROR] /srv/WTA-plus/backend/wta-admin/src/test/java/org/namewta/test/workflow/WorkflowTaskEngineIntegrationTest.java:[45,40] package org.dromara.warm.flow.core.enums does not exist
[ERROR] /srv/WTA-plus/backend/wta-admin/src/test/java/org/namewta/test/workflow/WorkflowTaskEngineIntegrationTest.java:[46,40] package org.dromara.warm.flow.core.enums does not exist
[ERROR] /srv/WTA-plus/backend/wta-admin/src/test/java/org/namewta/test/workflow/WorkflowTaskEngineIntegrationTest.java:[47,42] package org.dromara.warm.flow.core.invoker does not exist
[ERROR] /srv/WTA-plus/backend/wta-admin/src/test/java/org/namewta/test/workflow/WorkflowTaskEngineIntegrationTest.java:[50,47] package org.dromara.warm.plugin.modes.sb.config does not exist
[ERROR] /srv/WTA-plus/backend/wta-admin/src/test/java/org/namewta/test/workflow/WorkflowTaskEngineIntegrationTest.java:[60,38] package org.namewta.workflow.domain.bo does not exist
[ERROR] /srv/WTA-plus/backend/wta-admin/src/test/java/org/namewta/test/workflow/WorkflowTaskEngineIntegrationTest.java:[61,36] package org.namewta.workflow.handler does not exist
[ERROR] /srv/WTA-plus/backend/wta-admin/src/test/java/org/namewta/test/workflow/WorkflowTaskEngineIntegrationTest.java:[63,32] package org.namewta.workflow.oss does not exist
[ERROR] /srv/WTA-plus/backend/wta-admin/src/test/java/org/namewta/test/workflow/WorkflowTaskEngineIntegrationTest.java:[65,41] package org.namewta.workflow.service.impl does not exist
[ERROR] /srv/WTA-plus/backend/wta-admin/src/test/java/org/namewta/test/workflow/WorkflowTaskEngineIntegrationTest.java:[239,55] cannot find symbol
  symbol:   class FlwTaskServiceImpl
  location: class org.namewta.test.workflow.WorkflowTaskEngineIntegrationTest
[ERROR] /srv/WTA-plus/backend/wta-admin/src/test/java/org/namewta/test/workflow/WorkflowTaskEngineIntegrationTest.java:[239,20] cannot find symbol
  symbol:   class FlwTaskServiceImpl
  location: class org.namewta.test.workflow.WorkflowTaskEngineIntegrationTest
[ERROR] /srv/WTA-plus/backend/wta-admin/src/test/java/org/namewta/test/workflow/WorkflowTaskEngineIntegrationTest.java:[276,20] cannot find symbol
  symbol:   class Task
  location: class org.namewta.test.workflow.WorkflowTaskEngineIntegrationTest
[ERROR] /srv/WTA-plus/backend/wta-admin/src/test/java/org/namewta/test/workflow/WorkflowTaskEngineIntegrationTest.java:[28,37] package org.namewta.workflow.liteflow.complete does not exist
[ERROR] /srv/WTA-plus/backend/wta-admin/src/test/java/org/namewta/test/workflow/WorkflowTaskEngineIntegrationTest.java:[48,34] package org.dromara.warm.flow.core.service does not exist
[ERROR] /srv/WTA-plus/backend/wta-admin/src/test/java/org/namewta/test/workflow/WorkflowTaskEngineIntegrationTest.java:[49,33] package org.dromara.warm.flow.orm.mapper does not exist
[ERROR] /srv/WTA-plus/backend/wta-admin/src/test/java/org/namewta/test/workflow/WorkflowTaskEngineIntegrationTest.java:[62,28] package org.namewta.workflow.mapper does not exist
[ERROR] /srv/WTA-plus/backend/wta-admin/src/test/java/org/namewta/test/workflow/WorkflowTaskEngineIntegrationTest.java:[64,28] package org.namewta.workflow.service does not exist
[ERROR] Failed to execute goal org.apache.maven.plugins:maven-compiler-plugin:3.15.0:testCompile (default-testCompile) on project wta-admin: Compilation failure: Compilation failure: 
[ERROR] /srv/WTA-plus/backend/wta-admin/src/test/java/org/namewta/test/contracts/CrudHttpDispatchIntegrationTest.java:[30,39] package org.namewta.workflow.controller does not exist
[ERROR] /srv/WTA-plus/backend/wta-admin/src/test/java/org/namewta/test/contracts/CrudHttpDispatchIntegrationTest.java:[31,38] package org.namewta.workflow.domain.bo does not exist
[ERROR] /srv/WTA-plus/backend/wta-admin/src/test/java/org/namewta/test/contracts/CrudHttpDispatchIntegrationTest.java:[32,36] package org.namewta.workflow.service does not exist
[ERROR] /srv/WTA-plus/backend/wta-admin/src/test/java/org/namewta/test/contracts/CrudMySqlHttpIntegrationTest.java:[42,35] package org.namewta.demo.controller does not exist
[ERROR] /srv/WTA-plus/backend/wta-admin/src/test/java/org/namewta/test/contracts/CrudMySqlHttpIntegrationTest.java:[43,35] package org.namewta.demo.controller does not exist
[ERROR] /srv/WTA-plus/backend/wta-admin/src/test/java/org/namewta/test/contracts/CrudMySqlHttpIntegrationTest.java:[44,31] package org.namewta.demo.mapper does not exist
[ERROR] /srv/WTA-plus/backend/wta-admin/src/test/java/org/namewta/test/contracts/CrudMySqlHttpIntegrationTest.java:[45,31] package org.namewta.demo.mapper does not exist
[ERROR] /srv/WTA-plus/backend/wta-admin/src/test/java/org/namewta/test/contracts/CrudMySqlHttpIntegrationTest.java:[46,37] package org.namewta.demo.service.impl does not exist
[ERROR] /srv/WTA-plus/backend/wta-admin/src/test/java/org/namewta/test/contracts/CrudMySqlHttpIntegrationTest.java:[47,37] package org.namewta.demo.service.impl does not exist
[ERROR] /srv/WTA-plus/backend/wta-admin/src/test/java/org/namewta/test/contracts/CrudMySqlHttpIntegrationTest.java:[56,39] package org.namewta.workflow.controller does not exist
[ERROR] /srv/WTA-plus/backend/wta-admin/src/test/java/org/namewta/test/contracts/CrudMySqlHttpIntegrationTest.java:[57,35] package org.namewta.workflow.mapper does not exist
[ERROR] /srv/WTA-plus/backend/wta-admin/src/test/java/org/namewta/test/contracts/CrudMySqlHttpIntegrationTest.java:[58,41] package org.namewta.workflow.service.impl does not exist
[ERROR] /srv/WTA-plus/backend/wta-admin/src/test/java/org/namewta/test/contracts/DemoTreeMySqlIntegrationTest.java:[23,34] package org.namewta.demo.domain.bo does not exist
[ERROR] /srv/WTA-plus/backend/wta-admin/src/test/java/org/namewta/test/contracts/DemoTreeMySqlIntegrationTest.java:[24,31] package org.namewta.demo.mapper does not exist
[ERROR] /srv/WTA-plus/backend/wta-admin/src/test/java/org/namewta/test/contracts/DemoTreeMySqlIntegrationTest.java:[25,37] package org.namewta.demo.service.impl does not exist
[ERROR] /srv/WTA-plus/backend/wta-admin/src/test/java/org/namewta/test/contracts/DemoTreeMySqlIntegrationTest.java:[52,13] cannot find symbol
[ERROR]   symbol:   class TestTreeServiceImpl
[ERROR]   location: class org.namewta.test.contracts.DemoTreeMySqlIntegrationTest
[ERROR] /srv/WTA-plus/backend/wta-admin/src/test/java/org/namewta/test/contracts/DemoTreeMySqlIntegrationTest.java:[300,20] cannot find symbol
[ERROR]   symbol:   class TestTreeBo
[ERROR]   location: class org.namewta.test.contracts.DemoTreeMySqlIntegrationTest
[ERROR] /srv/WTA-plus/backend/wta-admin/src/test/java/org/namewta/test/notify/caller/DemoNotifyCallerUnitTest.java:[4,35] package org.namewta.demo.controller does not exist
[ERROR] /srv/WTA-plus/backend/wta-admin/src/test/java/org/namewta/test/notify/caller/DemoNotifyCallerUnitTest.java:[5,35] package org.namewta.demo.controller does not exist
[ERROR] /srv/WTA-plus/backend/wta-admin/src/test/java/org/namewta/test/notify/caller/WorkflowNotifyCallerUnitTest.java:[8,41] package org.namewta.workflow.service.impl does not exist
[ERROR] /srv/WTA-plus/backend/wta-admin/src/test/java/org/namewta/test/notify/caller/WorkflowNotifyCallerUnitTest.java:[9,41] package org.namewta.workflow.service.impl does not exist
[ERROR] /srv/WTA-plus/backend/wta-admin/src/test/java/org/namewta/test/oss/owner/workflow/WorkflowHistoryOssOwnerUnitTest.java:[5,40] package org.dromara.warm.flow.orm.entity does not exist
[ERROR] /srv/WTA-plus/backend/wta-admin/src/test/java/org/namewta/test/oss/owner/workflow/WorkflowHistoryOssOwnerUnitTest.java:[6,40] package org.dromara.warm.flow.orm.mapper does not exist
[ERROR] /srv/WTA-plus/backend/wta-admin/src/test/java/org/namewta/test/oss/owner/workflow/WorkflowHistoryOssOwnerUnitTest.java:[7,38] package org.namewta.workflow.domain.bo does not exist
[ERROR] /srv/WTA-plus/backend/wta-admin/src/test/java/org/namewta/test/oss/owner/workflow/WorkflowHistoryOssOwnerUnitTest.java:[8,38] package org.namewta.workflow.domain.bo does not exist
[ERROR] /srv/WTA-plus/backend/wta-admin/src/test/java/org/namewta/test/oss/owner/workflow/WorkflowHistoryOssOwnerUnitTest.java:[9,32] package org.namewta.workflow.oss does not exist
[ERROR] /srv/WTA-plus/backend/wta-admin/src/test/java/org/namewta/test/oss/owner/workflow/WorkflowHistoryOssOwnerUnitTest.java:[10,41] package org.namewta.workflow.service.impl does not exist
[ERROR] /srv/WTA-plus/backend/wta-admin/src/test/java/org/namewta/test/oss/owner/workflow/WorkflowHistoryOssOwnerUnitTest.java:[11,41] package org.namewta.workflow.service.impl does not exist
[ERROR] /srv/WTA-plus/backend/wta-admin/src/test/java/org/namewta/test/oss/owner/workflow/WorkflowHistoryOssOwnerUnitTest.java:[130,13] cannot find symbol
[ERROR]   symbol:   class FlowHisTask
[ERROR]   location: class org.namewta.test.oss.owner.workflow.WorkflowHistoryOssOwnerUnitTest
[ERROR] /srv/WTA-plus/backend/wta-admin/src/test/java/org/namewta/test/profile/contract/WorkflowGlobalListenerContractTest.java:[5,38] package org.dromara.warm.flow.core.dto does not exist
[ERROR] /srv/WTA-plus/backend/wta-admin/src/test/java/org/namewta/test/profile/contract/WorkflowGlobalListenerContractTest.java:[6,41] package org.dromara.warm.flow.core.entity does not exist
[ERROR] /srv/WTA-plus/backend/wta-admin/src/test/java/org/namewta/test/profile/contract/WorkflowGlobalListenerContractTest.java:[7,41] package org.dromara.warm.flow.core.entity does not exist
[ERROR] /srv/WTA-plus/backend/wta-admin/src/test/java/org/namewta/test/profile/contract/WorkflowGlobalListenerContractTest.java:[8,43] package org.dromara.warm.flow.core.listener does not exist
[ERROR] /srv/WTA-plus/backend/wta-admin/src/test/java/org/namewta/test/profile/contract/WorkflowGlobalListenerContractTest.java:[9,41] package org.namewta.workflow.common.enums does not exist
[ERROR] /srv/WTA-plus/backend/wta-admin/src/test/java/org/namewta/test/profile/contract/WorkflowGlobalListenerContractTest.java:[10,36] package org.namewta.workflow.handler does not exist
[ERROR] /srv/WTA-plus/backend/wta-admin/src/test/java/org/namewta/test/profile/contract/WorkflowGlobalListenerContractTest.java:[11,37] package org.namewta.workflow.listener does not exist
[ERROR] /srv/WTA-plus/backend/wta-admin/src/test/java/org/namewta/test/profile/contract/WorkflowGlobalListenerContractTest.java:[12,36] package org.namewta.workflow.service does not exist
[ERROR] /srv/WTA-plus/backend/wta-admin/src/test/java/org/namewta/test/profile/contract/WorkflowGlobalListenerContractTest.java:[13,36] package org.namewta.workflow.service does not exist
[ERROR] /srv/WTA-plus/backend/wta-admin/src/test/java/org/namewta/test/profile/contract/WorkflowGlobalListenerContractTest.java:[14,36] package org.namewta.workflow.service does not exist
[ERROR] /srv/WTA-plus/backend/wta-admin/src/test/java/org/namewta/test/profile/contract/WorkflowGlobalListenerContractTest.java:[15,36] package org.namewta.workflow.service does not exist
[ERROR] /srv/WTA-plus/backend/wta-admin/src/test/java/org/namewta/test/profile/contract/WorkflowTerminationContractTest.java:[6,38] package org.dromara.warm.flow.core.dto does not exist
[ERROR] /srv/WTA-plus/backend/wta-admin/src/test/java/org/namewta/test/profile/contract/WorkflowTerminationContractTest.java:[7,42] package org.dromara.warm.flow.core.service does not exist
[ERROR] /srv/WTA-plus/backend/wta-admin/src/test/java/org/namewta/test/profile/contract/WorkflowTerminationContractTest.java:[8,40] package org.dromara.warm.flow.orm.entity does not exist
[ERROR] /srv/WTA-plus/backend/wta-admin/src/test/java/org/namewta/test/profile/contract/WorkflowTerminationContractTest.java:[10,41] package org.namewta.workflow.common.enums does not exist
[ERROR] /srv/WTA-plus/backend/wta-admin/src/test/java/org/namewta/test/profile/contract/WorkflowTerminationContractTest.java:[11,36] package org.namewta.workflow.service does not exist
[ERROR] /srv/WTA-plus/backend/wta-admin/src/test/java/org/namewta/test/profile/contract/WorkflowTerminationContractTest.java:[12,36] package org.namewta.workflow.service does not exist
[ERROR] /srv/WTA-plus/backend/wta-admin/src/test/java/org/namewta/test/profile/contract/WorkflowTerminationContractTest.java:[13,41] package org.namewta.workflow.service.impl does not exist
[ERROR] /srv/WTA-plus/backend/wta-admin/src/test/java/org/namewta/test/profile/contract/WorkflowTerminationContractTest.java:[107,20] cannot find symbol
[ERROR]   symbol:   class FlowInstance
[ERROR]   location: class org.namewta.test.profile.contract.WorkflowTerminationContractTest
[ERROR] /srv/WTA-plus/backend/wta-admin/src/test/java/org/namewta/test/workflow/WorkflowTaskEngineIntegrationTest.java:[21,39] package com.yomahub.liteflow.builder.el does not exist
[ERROR] /srv/WTA-plus/backend/wta-admin/src/test/java/org/namewta/test/workflow/WorkflowTaskEngineIntegrationTest.java:[22,33] package com.yomahub.liteflow.core does not exist
[ERROR] /srv/WTA-plus/backend/wta-admin/src/test/java/org/namewta/test/workflow/WorkflowTaskEngineIntegrationTest.java:[23,33] package com.yomahub.liteflow.flow does not exist
[ERROR] /srv/WTA-plus/backend/wta-admin/src/test/java/org/namewta/test/workflow/WorkflowTaskEngineIntegrationTest.java:[24,37] package com.yomahub.liteflow.property does not exist
[ERROR] /srv/WTA-plus/backend/wta-admin/src/test/java/org/namewta/test/workflow/WorkflowTaskEngineIntegrationTest.java:[26,45] package org.namewta.common.liteflow.component does not exist
[ERROR] /srv/WTA-plus/backend/wta-admin/src/test/java/org/namewta/test/workflow/WorkflowTaskEngineIntegrationTest.java:[27,38] package org.namewta.workflow.domain.bo does not exist
[ERROR] /srv/WTA-plus/backend/wta-admin/src/test/java/org/namewta/test/workflow/WorkflowTaskEngineIntegrationTest.java:[41,34] package org.dromara.warm.flow.core does not exist
[ERROR] /srv/WTA-plus/backend/wta-admin/src/test/java/org/namewta/test/workflow/WorkflowTaskEngineIntegrationTest.java:[42,41] package org.dromara.warm.flow.core.config does not exist
[ERROR] /srv/WTA-plus/backend/wta-admin/src/test/java/org/namewta/test/workflow/WorkflowTaskEngineIntegrationTest.java:[43,38] package org.dromara.warm.flow.core.dto does not exist
[ERROR] /srv/WTA-plus/backend/wta-admin/src/test/java/org/namewta/test/workflow/WorkflowTaskEngineIntegrationTest.java:[44,41] package org.dromara.warm.flow.core.entity does not exist
[ERROR] /srv/WTA-plus/backend/wta-admin/src/test/java/org/namewta/test/workflow/WorkflowTaskEngineIntegrationTest.java:[45,40] package org.dromara.warm.flow.core.enums does not exist
[ERROR] /srv/WTA-plus/backend/wta-admin/src/test/java/org/namewta/test/workflow/WorkflowTaskEngineIntegrationTest.java:[46,40] package org.dromara.warm.flow.core.enums does not exist
[ERROR] /srv/WTA-plus/backend/wta-admin/src/test/java/org/namewta/test/workflow/WorkflowTaskEngineIntegrationTest.java:[47,42] package org.dromara.warm.flow.core.invoker does not exist
[ERROR] /srv/WTA-plus/backend/wta-admin/src/test/java/org/namewta/test/workflow/WorkflowTaskEngineIntegrationTest.java:[50,47] package org.dromara.warm.plugin.modes.sb.config does not exist
[ERROR] /srv/WTA-plus/backend/wta-admin/src/test/java/org/namewta/test/workflow/WorkflowTaskEngineIntegrationTest.java:[60,38] package org.namewta.workflow.domain.bo does not exist
[ERROR] /srv/WTA-plus/backend/wta-admin/src/test/java/org/namewta/test/workflow/WorkflowTaskEngineIntegrationTest.java:[61,36] package org.namewta.workflow.handler does not exist
[ERROR] /srv/WTA-plus/backend/wta-admin/src/test/java/org/namewta/test/workflow/WorkflowTaskEngineIntegrationTest.java:[63,32] package org.namewta.workflow.oss does not exist
[ERROR] /srv/WTA-plus/backend/wta-admin/src/test/java/org/namewta/test/workflow/WorkflowTaskEngineIntegrationTest.java:[65,41] package org.namewta.workflow.service.impl does not exist
[ERROR] /srv/WTA-plus/backend/wta-admin/src/test/java/org/namewta/test/workflow/WorkflowTaskEngineIntegrationTest.java:[239,55] cannot find symbol
[ERROR]   symbol:   class FlwTaskServiceImpl
[ERROR]   location: class org.namewta.test.workflow.WorkflowTaskEngineIntegrationTest
[ERROR] /srv/WTA-plus/backend/wta-admin/src/test/java/org/namewta/test/workflow/WorkflowTaskEngineIntegrationTest.java:[239,20] cannot find symbol
[ERROR]   symbol:   class FlwTaskServiceImpl
[ERROR]   location: class org.namewta.test.workflow.WorkflowTaskEngineIntegrationTest
[ERROR] /srv/WTA-plus/backend/wta-admin/src/test/java/org/namewta/test/workflow/WorkflowTaskEngineIntegrationTest.java:[276,20] cannot find symbol
[ERROR]   symbol:   class Task
[ERROR]   location: class org.namewta.test.workflow.WorkflowTaskEngineIntegrationTest
[ERROR] /srv/WTA-plus/backend/wta-admin/src/test/java/org/namewta/test/workflow/WorkflowTaskEngineIntegrationTest.java:[28,37] package org.namewta.workflow.liteflow.complete does not exist
[ERROR] /srv/WTA-plus/backend/wta-admin/src/test/java/org/namewta/test/workflow/WorkflowTaskEngineIntegrationTest.java:[48,34] package org.dromara.warm.flow.core.service does not exist
[ERROR] /srv/WTA-plus/backend/wta-admin/src/test/java/org/namewta/test/workflow/WorkflowTaskEngineIntegrationTest.java:[49,33] package org.dromara.warm.flow.orm.mapper does not exist
[ERROR] /srv/WTA-plus/backend/wta-admin/src/test/java/org/namewta/test/workflow/WorkflowTaskEngineIntegrationTest.java:[62,28] package org.namewta.workflow.mapper does not exist
[ERROR] /srv/WTA-plus/backend/wta-admin/src/test/java/org/namewta/test/workflow/WorkflowTaskEngineIntegrationTest.java:[64,28] package org.namewta.workflow.service does not exist
[ERROR] -> [Help 1]
[ERROR] 
[ERROR] To see the full stack trace of the errors, re-run Maven with the -e switch.
[ERROR] Re-run Maven using the -X switch to enable full debug logging.
[ERROR] 
[ERROR] For more information about the errors and possible solutions, please read the following articles:
[ERROR] [Help 1] http://cwiki.apache.org/confluence/display/MAVEN/MojoFailureException
[ERROR] 
[ERROR] After correcting the problems, you can resume the build with the command
[ERROR]   mvn <args> -rf :wta-admin
